Archive member included to satisfy reference by file (symbol)

C:/Renesas/RA/e2studio_v2025-01_fsp_v5.8.0/toolchains/gcc_arm/13.2.rel1/bin/../lib/gcc/arm-none-eabi/13.2.1/thumb/v8-m.main+fp/hard\libg_nano.a(libc_a-exit.o)
                              C:/Renesas/RA/e2studio_v2025-01_fsp_v5.8.0/toolchains/gcc_arm/13.2.rel1/bin/../lib/gcc/arm-none-eabi/13.2.1/thumb/v8-m.main+fp/hard/crt0.o (exit)
C:/Renesas/RA/e2studio_v2025-01_fsp_v5.8.0/toolchains/gcc_arm/13.2.rel1/bin/../lib/gcc/arm-none-eabi/13.2.1/thumb/v8-m.main+fp/hard\libg_nano.a(libc_a-findfp.o)
                              C:/Renesas/RA/e2studio_v2025-01_fsp_v5.8.0/toolchains/gcc_arm/13.2.rel1/bin/../lib/gcc/arm-none-eabi/13.2.1/thumb/v8-m.main+fp/hard\libg_nano.a(libc_a-exit.o) (__stdio_exit_handler)
C:/Renesas/RA/e2studio_v2025-01_fsp_v5.8.0/toolchains/gcc_arm/13.2.rel1/bin/../lib/gcc/arm-none-eabi/13.2.1/thumb/v8-m.main+fp/hard\libg_nano.a(libc_a-fwalk.o)
                              C:/Renesas/RA/e2studio_v2025-01_fsp_v5.8.0/toolchains/gcc_arm/13.2.rel1/bin/../lib/gcc/arm-none-eabi/13.2.1/thumb/v8-m.main+fp/hard\libg_nano.a(libc_a-findfp.o) (_fwalk_sglue)
C:/Renesas/RA/e2studio_v2025-01_fsp_v5.8.0/toolchains/gcc_arm/13.2.rel1/bin/../lib/gcc/arm-none-eabi/13.2.1/thumb/v8-m.main+fp/hard\libg_nano.a(libc_a-stdio.o)
                              C:/Renesas/RA/e2studio_v2025-01_fsp_v5.8.0/toolchains/gcc_arm/13.2.rel1/bin/../lib/gcc/arm-none-eabi/13.2.1/thumb/v8-m.main+fp/hard\libg_nano.a(libc_a-findfp.o) (__sread)
C:/Renesas/RA/e2studio_v2025-01_fsp_v5.8.0/toolchains/gcc_arm/13.2.rel1/bin/../lib/gcc/arm-none-eabi/13.2.1/thumb/v8-m.main+fp/hard\libg_nano.a(libc_a-memset.o)
                              C:/Renesas/RA/e2studio_v2025-01_fsp_v5.8.0/toolchains/gcc_arm/13.2.rel1/bin/../lib/gcc/arm-none-eabi/13.2.1/thumb/v8-m.main+fp/hard/crt0.o (memset)
C:/Renesas/RA/e2studio_v2025-01_fsp_v5.8.0/toolchains/gcc_arm/13.2.rel1/bin/../lib/gcc/arm-none-eabi/13.2.1/thumb/v8-m.main+fp/hard\libg_nano.a(libc_a-closer.o)
                              C:/Renesas/RA/e2studio_v2025-01_fsp_v5.8.0/toolchains/gcc_arm/13.2.rel1/bin/../lib/gcc/arm-none-eabi/13.2.1/thumb/v8-m.main+fp/hard\libg_nano.a(libc_a-stdio.o) (_close_r)
C:/Renesas/RA/e2studio_v2025-01_fsp_v5.8.0/toolchains/gcc_arm/13.2.rel1/bin/../lib/gcc/arm-none-eabi/13.2.1/thumb/v8-m.main+fp/hard\libg_nano.a(libc_a-reent.o)
                              C:/Renesas/RA/e2studio_v2025-01_fsp_v5.8.0/toolchains/gcc_arm/13.2.rel1/bin/../lib/gcc/arm-none-eabi/13.2.1/thumb/v8-m.main+fp/hard\libg_nano.a(libc_a-closer.o) (errno)
C:/Renesas/RA/e2studio_v2025-01_fsp_v5.8.0/toolchains/gcc_arm/13.2.rel1/bin/../lib/gcc/arm-none-eabi/13.2.1/thumb/v8-m.main+fp/hard\libg_nano.a(libc_a-impure.o)
                              C:/Renesas/RA/e2studio_v2025-01_fsp_v5.8.0/toolchains/gcc_arm/13.2.rel1/bin/../lib/gcc/arm-none-eabi/13.2.1/thumb/v8-m.main+fp/hard\libg_nano.a(libc_a-reent.o) (_impure_ptr)
C:/Renesas/RA/e2studio_v2025-01_fsp_v5.8.0/toolchains/gcc_arm/13.2.rel1/bin/../lib/gcc/arm-none-eabi/13.2.1/thumb/v8-m.main+fp/hard\libg_nano.a(libc_a-lseekr.o)
                              C:/Renesas/RA/e2studio_v2025-01_fsp_v5.8.0/toolchains/gcc_arm/13.2.rel1/bin/../lib/gcc/arm-none-eabi/13.2.1/thumb/v8-m.main+fp/hard\libg_nano.a(libc_a-stdio.o) (_lseek_r)
C:/Renesas/RA/e2studio_v2025-01_fsp_v5.8.0/toolchains/gcc_arm/13.2.rel1/bin/../lib/gcc/arm-none-eabi/13.2.1/thumb/v8-m.main+fp/hard\libg_nano.a(libc_a-readr.o)
                              C:/Renesas/RA/e2studio_v2025-01_fsp_v5.8.0/toolchains/gcc_arm/13.2.rel1/bin/../lib/gcc/arm-none-eabi/13.2.1/thumb/v8-m.main+fp/hard\libg_nano.a(libc_a-stdio.o) (_read_r)
C:/Renesas/RA/e2studio_v2025-01_fsp_v5.8.0/toolchains/gcc_arm/13.2.rel1/bin/../lib/gcc/arm-none-eabi/13.2.1/thumb/v8-m.main+fp/hard\libg_nano.a(libc_a-writer.o)
                              C:/Renesas/RA/e2studio_v2025-01_fsp_v5.8.0/toolchains/gcc_arm/13.2.rel1/bin/../lib/gcc/arm-none-eabi/13.2.1/thumb/v8-m.main+fp/hard\libg_nano.a(libc_a-stdio.o) (_write_r)
C:/Renesas/RA/e2studio_v2025-01_fsp_v5.8.0/toolchains/gcc_arm/13.2.rel1/bin/../lib/gcc/arm-none-eabi/13.2.1/thumb/v8-m.main+fp/hard\libg_nano.a(libc_a-errno.o)
                              ./ra/fsp/src/bsp/mcu/all/bsp_sbrk.o (__errno)
C:/Renesas/RA/e2studio_v2025-01_fsp_v5.8.0/toolchains/gcc_arm/13.2.rel1/bin/../lib/gcc/arm-none-eabi/13.2.1/thumb/v8-m.main+fp/hard\libg_nano.a(libc_a-init.o)
                              C:/Renesas/RA/e2studio_v2025-01_fsp_v5.8.0/toolchains/gcc_arm/13.2.rel1/bin/../lib/gcc/arm-none-eabi/13.2.1/thumb/v8-m.main+fp/hard/crt0.o (__libc_init_array)
C:/Renesas/RA/e2studio_v2025-01_fsp_v5.8.0/toolchains/gcc_arm/13.2.rel1/bin/../lib/gcc/arm-none-eabi/13.2.1/thumb/v8-m.main+fp/hard\libg_nano.a(libc_a-lock.o)
                              C:/Renesas/RA/e2studio_v2025-01_fsp_v5.8.0/toolchains/gcc_arm/13.2.rel1/bin/../lib/gcc/arm-none-eabi/13.2.1/thumb/v8-m.main+fp/hard\libg_nano.a(libc_a-findfp.o) (__retarget_lock_init_recursive)
[...]
Memory Configuration

Name             Origin             Length             Attributes
ITCM             0x00000000         0x00000000         xr
DTCM             0x00000000         0x00000000         xrw
FLASH            0x00000000         0x00080000         xr
RAM              0x20000000         0x00010000         xrw
DATA_FLASH       0x08000000         0x00002000         xr
QSPI_FLASH       0x60000000         0x04000000         xr
OSPI_DEVICE_0    0x80020000         0x00000000         xr
OSPI_DEVICE_1    0x80030000         0x00000000         xr
OSPI_DEVICE_0_RAM 0x80020000         0x00000000         xrw
OSPI_DEVICE_1_RAM 0x80030000         0x00000000         xrw
SDRAM            0x80010000         0x00000000         xrw
OPTION_SETTING   0x0100a100         0x00000100         r
OPTION_SETTING_OFS 0x0100a100         0x00000018         r
OPTION_SETTING_SAS 0x0100a134         0x000000cc         r
OPTION_SETTING_S 0x0100a200         0x00000100         r
ID_CODE          0x00000000         0x00000000         xr
*default*        0x00000000         0xffffffff

Linker script and memory map

LOAD C:/Renesas/RA/e2studio_v2025-01_fsp_v5.8.0/toolchains/gcc_arm/13.2.rel1/bin/../lib/gcc/arm-none-eabi/13.2.1/thumb/v8-m.main+fp/hard/crti.o
LOAD C:/Renesas/RA/e2studio_v2025-01_fsp_v5.8.0/toolchains/gcc_arm/13.2.rel1/bin/../lib/gcc/arm-none-eabi/13.2.1/thumb/v8-m.main+fp/hard/crtbegin.o
LOAD C:/Renesas/RA/e2studio_v2025-01_fsp_v5.8.0/toolchains/gcc_arm/13.2.rel1/bin/../lib/gcc/arm-none-eabi/13.2.1/thumb/v8-m.main+fp/hard/crt0.o
START GROUP
LOAD ./src/hal_entry.o
LOAD ./ra_gen/common_data.o
LOAD ./ra_gen/hal_data.o
LOAD ./ra_gen/main.o
LOAD ./ra_gen/pin_data.o
LOAD ./ra_gen/vector_data.o
LOAD ./ra/fsp/src/rm_touch/rm_touch.o
LOAD ./ra/fsp/src/r_ioport/r_ioport.o
LOAD ./ra/fsp/src/r_dtc/r_dtc.o
LOAD ./ra/fsp/src/r_ctsu/r_ctsu.o
LOAD ./ra/fsp/src/bsp/mcu/all/bsp_clocks.o
LOAD ./ra/fsp/src/bsp/mcu/all/bsp_common.o
LOAD ./ra/fsp/src/bsp/mcu/all/bsp_delay.o
LOAD ./ra/fsp/src/bsp/mcu/all/bsp_group_irq.o
LOAD ./ra/fsp/src/bsp/mcu/all/bsp_guard.o
LOAD ./ra/fsp/src/bsp/mcu/all/bsp_io.o
LOAD ./ra/fsp/src/bsp/mcu/all/bsp_irq.o
LOAD ./ra/fsp/src/bsp/mcu/all/bsp_macl.o
LOAD ./ra/fsp/src/bsp/mcu/all/bsp_register_protection.o
LOAD ./ra/fsp/src/bsp/mcu/all/bsp_rom_registers.o
LOAD ./ra/fsp/src/bsp/mcu/all/bsp_sbrk.o
LOAD ./ra/fsp/src/bsp/mcu/all/bsp_sdram.o
LOAD ./ra/fsp/src/bsp/mcu/all/bsp_security.o
LOAD ./ra/fsp/src/bsp/cmsis/Device/RENESAS/Source/startup.o
LOAD ./ra/fsp/src/bsp/cmsis/Device/RENESAS/Source/system.o
LOAD ./qe_gen/qe_touch_config.o
LOAD ./qe_gen/qe_touch_sample.o
END GROUP
START GROUP
LOAD C:/Renesas/RA/e2studio_v2025-01_fsp_v5.8.0/toolchains/gcc_arm/13.2.rel1/bin/../lib/gcc/arm-none-eabi/13.2.1/thumb/v8-m.main+fp/hard\libgcc.a
LOAD C:/Renesas/RA/e2studio_v2025-01_fsp_v5.8.0/toolchains/gcc_arm/13.2.rel1/bin/../lib/gcc/arm-none-eabi/13.2.1/thumb/v8-m.main+fp/hard\libg_nano.a
LOAD C:/Renesas/RA/e2studio_v2025-01_fsp_v5.8.0/toolchains/gcc_arm/13.2.rel1/bin/../lib/gcc/arm-none-eabi/13.2.1/thumb/v8-m.main+fp/hard\libc_nano.a
END GROUP
START GROUP
LOAD C:/Renesas/RA/e2studio_v2025-01_fsp_v5.8.0/toolchains/gcc_arm/13.2.rel1/bin/../lib/gcc/arm-none-eabi/13.2.1/thumb/v8-m.main+fp/hard\libgcc.a
LOAD C:/Renesas/RA/e2studio_v2025-01_fsp_v5.8.0/toolchains/gcc_arm/13.2.rel1/bin/../lib/gcc/arm-none-eabi/13.2.1/thumb/v8-m.main+fp/hard\libc_nano.a
END GROUP
LOAD C:/Renesas/RA/e2studio_v2025-01_fsp_v5.8.0/toolchains/gcc_arm/13.2.rel1/bin/../lib/gcc/arm-none-eabi/13.2.1/thumb/v8-m.main+fp/hard/crtend.o
LOAD C:/Renesas/RA/e2studio_v2025-01_fsp_v5.8.0/toolchains/gcc_arm/13.2.rel1/bin/../lib/gcc/arm-none-eabi/13.2.1/thumb/v8-m.main+fp/hard/crtn.o
                0x20000000                        RAM_START = 0x20000000
                0x00010000                        RAM_LENGTH = 0x10000
                0x00000000                        FLASH_START = 0x0
                0x00080000                        FLASH_LENGTH = 0x80000
                0x08000000                        DATA_FLASH_START = 0x8000000
                0x00002000                        DATA_FLASH_LENGTH = 0x2000
                0x0100a100                        OPTION_SETTING_START = 0x100a100
                0x00000100                        OPTION_SETTING_LENGTH = 0x100
                0x0100a200                        OPTION_SETTING_S_START = 0x100a200
                0x00000100                        OPTION_SETTING_S_LENGTH = 0x100
                0x00000000                        ID_CODE_START = 0x0
                0x00000000                        ID_CODE_LENGTH = 0x0
                0x80010000                        SDRAM_START = 0x80010000
                0x00000000                        SDRAM_LENGTH = 0x0
                0x60000000                        QSPI_FLASH_START = 0x60000000
                0x04000000                        QSPI_FLASH_LENGTH = 0x4000000
                0x80020000                        OSPI_DEVICE_0_START = 0x80020000
                0x00000000                        OSPI_DEVICE_0_LENGTH = 0x0
                0x80030000                        OSPI_DEVICE_1_START = 0x80030000
                0x00000000                        OSPI_DEVICE_1_LENGTH = 0x0
                0x04000000                        QSPI_FLASH_PRV_LENGTH = DEFINED (QSPI_FLASH_SIZE)?ABSOLUTE (QSPI_FLASH_SIZE):ABSOLUTE (QSPI_FLASH_LENGTH)
                0x00000000                        OSPI_DEVICE_0_PRV_LENGTH = DEFINED (OSPI_DEVICE_0_SIZE)?ABSOLUTE (OSPI_DEVICE_0_SIZE):ABSOLUTE (OSPI_DEVICE_0_LENGTH)
                0x00000000                        OSPI_DEVICE_1_PRV_LENGTH = DEFINED (OSPI_DEVICE_1_SIZE)?ABSOLUTE (OSPI_DEVICE_1_SIZE):ABSOLUTE (OSPI_DEVICE_1_LENGTH)
                0x00000000                        __RESERVE_NS_RAM = ((! (DEFINED (PROJECT_NONSECURE)) && DEFINED (RAM_NS_BUFFER_LENGTH)) && (OPTION_SETTING_S_LENGTH != 0x0))
                0x00000000                        ITCM_START = DEFINED (ITCM_START)?ITCM_START:0x0
                0x00000000                        ITCM_LENGTH = DEFINED (ITCM_LENGTH)?ITCM_LENGTH:0x0
                0x00000000                        DTCM_START = DEFINED (DTCM_START)?DTCM_START:0x0
                0x00000000                        DTCM_LENGTH = DEFINED (DTCM_LENGTH)?DTCM_LENGTH:0x0
                0x00000000                        RAM_NS_BUFFER_BLOCK_LENGTH = DEFINED (RAM_NS_BUFFER_LENGTH)?ALIGN (RAM_NS_BUFFER_LENGTH, 0x2000):0x0
                0x00000000                        RAM_NS_BUFFER_LENGTH = DEFINED (RAM_NS_BUFFER_LENGTH)?RAM_NS_BUFFER_LENGTH:0x0
                0x20010000                        RAM_NS_BUFFER_START = ((RAM_START + RAM_LENGTH) - RAM_NS_BUFFER_LENGTH)
                0x20010000                        RAM_NS_BUFFER_BLOCK_START = ((RAM_START + RAM_LENGTH) - RAM_NS_BUFFER_BLOCK_LENGTH)
                0x0100a180                        OPTION_SETTING_START_NS = DEFINED (PROJECT_NONSECURE)?OPTION_SETTING_START:(OPTION_SETTING_START + 0x80)
                0x00000001                        __bl_FSP_BOOTABLE_IMAGE = 0x1
                0x00000001                        __bln_FSP_BOOTABLE_IMAGE = 0x1
                0x00000001                        PROJECT_SECURE_OR_FLAT = (((! (DEFINED (PROJECT_NONSECURE)) || DEFINED (PROJECT_SECURE)) && OPTION_SETTING_LENGTH) && ! (DEFINED (FSP_BOOTABLE_IMAGE)))
                0x00000000                        USE_OPTION_SETTING_NS = (DEFINED (PROJECT_NONSECURE) && ! (DEFINED (FSP_BOOTABLE_IMAGE)))
                0x00000000                        __bl_FLASH_IMAGE_START = ! (DEFINED (FLASH_BOOTLOADER_LENGTH))?0x0:(FLASH_APPLICATION_IMAGE_NUMBER == 0x1)?((FLASH_START + FLASH_BOOTLOADER_LENGTH) + FLASH_BOOTLOADER_HEADER_LENGTH):(DEFINED (BOOTLOADER_SECONDARY_USE_QSPI) || DEFINED (BOOTLOADER_SECONDARY_USE_OSPI_B))?(((FLASH_START + FLASH_BOOTLOADER_LENGTH) + FLASH_BOOTLOADER_SCRATCH_LENGTH) + FLASH_BOOTLOADER_HEADER_LENGTH):((((FLASH_START + FLASH_BOOTLOADER_LENGTH) + FLASH_BOOTLOADER_SCRATCH_LENGTH) + FLASH_APPLICATION_S_LENGTH) + FLASH_BOOTLOADER_HEADER_LENGTH)
                0x00000000                        __bl_FLASH_IMAGE_LENGTH = ! (DEFINED (FLASH_BOOTLOADER_LENGTH))?0x0:(FLASH_APPLICATION_S_LENGTH - FLASH_BOOTLOADER_HEADER_LENGTH)
                0x00000000                        __bl_FLASH_IMAGE_END = (__bl_FLASH_IMAGE_START + __bl_FLASH_IMAGE_LENGTH)
                0x00000000                        __bl_XIP_SECONDARY_FLASH_IMAGE_START = ! (DEFINED (FLASH_BOOTLOADER_LENGTH))?0x0:(((FLASH_START + FLASH_BOOTLOADER_LENGTH) + FLASH_APPLICATION_S_LENGTH) + FLASH_BOOTLOADER_HEADER_LENGTH)
                0x00000000                        __bl_XIP_SECONDARY_FLASH_IMAGE_END = (__bl_XIP_SECONDARY_FLASH_IMAGE_START + __bl_FLASH_IMAGE_LENGTH)
                0x00000000                        __bl_FLASH_IMAGE_START_FROM_MMF_REGION = DEFINED (BOOT_IMAGE_FROM_MMF_REGION)?BOOT_IMAGE_FROM_MMF_REGION:0x0
                0x00000000                        __bl_MEMORY_MIRROR_REGION_START = DEFINED (MMF_REGION_START_ADDR)?MMF_REGION_START_ADDR:0x0
                0x00000000                        __bl_FLASH_NS_START = ! (DEFINED (FLASH_BOOTLOADER_LENGTH))?0x0:(FLASH_APPLICATION_NS_LENGTH == 0x0)?__bl_FLASH_IMAGE_END:((__bl_FLASH_IMAGE_START - FLASH_BOOTLOADER_HEADER_LENGTH) + FLASH_APPLICATION_S_LENGTH)
                0x00000000                        __bl_FLASH_NSC_START = ! (DEFINED (FLASH_BOOTLOADER_LENGTH))?0x0:(FLASH_APPLICATION_NS_LENGTH == 0x0)?__bl_FLASH_IMAGE_END:(__bl_FLASH_IMAGE_END - FLASH_APPLICATION_NSC_LENGTH)
                0x00000000                        __bl_RAM_NS_START = ! (DEFINED (FLASH_BOOTLOADER_LENGTH))?0x0:(FLASH_APPLICATION_NS_LENGTH == 0x0)?(RAM_START + RAM_LENGTH):((RAM_START + RAM_LENGTH) - RAM_APPLICATION_NS_LENGTH)
                0x00000000                        __bl_RAM_NSC_START = ! (DEFINED (FLASH_BOOTLOADER_LENGTH))?0x0:(FLASH_APPLICATION_NS_LENGTH == 0x0)?(RAM_START + RAM_LENGTH):(__bl_RAM_NS_START - RAM_APPLICATION_NSC_LENGTH)
                0x00000000                        __bl_FLASH_NS_IMAGE_START = ! (DEFINED (FLASH_BOOTLOADER_LENGTH))?0x0:(FLASH_APPLICATION_NS_LENGTH == 0x0)?__bl_FLASH_IMAGE_END:(__bl_FLASH_NS_START + FLASH_BOOTLOADER_HEADER_LENGTH_2)
                0x00000000                        __bln_FLASH_IMAGE_START = (__bl_FLASH_NS_IMAGE_START | ! (DEFINED (NS_OFFSET_START))?0x0:NS_OFFSET_START)
                0x00000000                        __bln_FLASH_IMAGE_LENGTH = ! (DEFINED (FLASH_BOOTLOADER_LENGTH))?0x0:(FLASH_APPLICATION_NS_LENGTH == 0x0)?__bl_FLASH_IMAGE_END:(FLASH_APPLICATION_NS_LENGTH - FLASH_BOOTLOADER_HEADER_LENGTH_2)
                0x00000000                        XIP_SECONDARY_SLOT_IMAGE = DEFINED (XIP_SECONDARY_SLOT_IMAGE)?XIP_SECONDARY_SLOT_IMAGE:0x0
                0x00000000                        FLASH_IMAGE_START_FROM_MMF_REGION = ! (DEFINED (FLASH_IMAGE_START_FROM_MMF_REGION))?0x0:FLASH_IMAGE_START_FROM_MMF_REGION
                0x00000000                        MEMORY_MIRROR_REGION_START = ! (DEFINED (MEMORY_MIRROR_REGION_START))?0x0:MEMORY_MIRROR_REGION_START
                0x00000000                        FLASH_ORIGIN = ! (DEFINED (FLASH_IMAGE_START))?FLASH_START:(XIP_SECONDARY_SLOT_IMAGE == 0x1)?XIP_SECONDARY_FLASH_IMAGE_START:(FLASH_IMAGE_START_FROM_MMF_REGION == 0x1)?MEMORY_MIRROR_REGION_START:FLASH_IMAGE_START
                0x00080000                        LIMITED_FLASH_LENGTH = DEFINED (FLASH_IMAGE_LENGTH)?FLASH_IMAGE_LENGTH:DEFINED (FLASH_BOOTLOADER_LENGTH)?FLASH_BOOTLOADER_LENGTH:FLASH_LENGTH
                0x00000034                        OPTION_SETTING_SAS_SIZE = 0x34
                0x000000cc                        OPTION_SETTING_SAS_LENGTH = ! (DEFINED (OPTION_SETTING_LENGTH))?0x0:(OPTION_SETTING_LENGTH == 0x0)?0x0:(OPTION_SETTING_LENGTH - OPTION_SETTING_SAS_SIZE)
START GROUP
LOAD C:/Renesas/RA/e2studio_v2025-01_fsp_v5.8.0/toolchains/gcc_arm/13.2.rel1/bin/../lib/gcc/arm-none-eabi/13.2.1/thumb/v8-m.main+fp/hard\libgcc.a
LOAD C:/Renesas/RA/e2studio_v2025-01_fsp_v5.8.0/toolchains/gcc_arm/13.2.rel1/bin/../lib/gcc/arm-none-eabi/13.2.1/thumb/v8-m.main+fp/hard\libc.a
LOAD C:/Renesas/RA/e2studio_v2025-01_fsp_v5.8.0/toolchains/gcc_arm/13.2.rel1/bin/../lib/gcc/arm-none-eabi/13.2.1/thumb/v8-m.main+fp/hard\libm.a
END GROUP

.text           0x00000000     0x2aec
                0x00000000                        __tz_FLASH_S = ABSOLUTE (FLASH_START)
                0x00000000                        __ROM_Start = .
 *(.fixed_vectors*)
 .fixed_vectors
                0x00000000       0x40 ./ra/fsp/src/bsp/cmsis/Device/RENESAS/Source/startup.o
                0x00000000                __Vectors
 *(.application_vectors*)
 .application_vectors
                0x00000040      0x100 ./ra_gen/vector_data.o
                0x00000040                g_vector_table
                0x00000140                        __Vectors_End = .
 *(.flash_gap*)
                0x00000140                        . = (OPTION_SETTING_LENGTH > 0x0)?.:(__ROM_Start + 0x400)
 *(.rom_registers*)
 *(.mcuboot_sce9_key*)
 *(.text*)
 .text.deregister_tm_clones
                0x00000140       0x1c C:/Renesas/RA/e2studio_v2025-01_fsp_v5.8.0/toolchains/gcc_arm/13.2.rel1/bin/../lib/gcc/arm-none-eabi/13.2.1/thumb/v8-m.main+fp/hard/crtbegin.o
 .text.register_tm_clones
                0x0000015c       0x28 C:/Renesas/RA/e2studio_v2025-01_fsp_v5.8.0/toolchains/gcc_arm/13.2.rel1/bin/../lib/gcc/arm-none-eabi/13.2.1/thumb/v8-m.main+fp/hard/crtbegin.o
 .text.__do_global_dtors_aux
                0x00000184       0x28 C:/Renesas/RA/e2studio_v2025-01_fsp_v5.8.0/toolchains/gcc_arm/13.2.rel1/bin/../lib/gcc/arm-none-eabi/13.2.1/thumb/v8-m.main+fp/hard/crtbegin.o
 .text.frame_dummy
                0x000001ac       0x24 C:/Renesas/RA/e2studio_v2025-01_fsp_v5.8.0/toolchains/gcc_arm/13.2.rel1/bin/../lib/gcc/arm-none-eabi/13.2.1/thumb/v8-m.main+fp/hard/crtbegin.o
 .text.hal_entry
                0x000001d0        0x4 ./src/hal_entry.o
                0x000001d0                hal_entry
 .text.R_BSP_WarmStart
                0x000001d4       0x18 ./src/hal_entry.o
                0x000001d4                R_BSP_WarmStart
 .text.startup.main
                0x000001ec        0xc ./ra_gen/main.o
                0x000001ec                main
 .text.RM_TOUCH_Open
                0x000001f8      0x184 ./ra/fsp/src/rm_touch/rm_touch.o
                0x000001f8                RM_TOUCH_Open
 .text.RM_TOUCH_ScanStart
                0x0000037c       0x14 ./ra/fsp/src/rm_touch/rm_touch.o
                0x0000037c                RM_TOUCH_ScanStart
 .text.RM_TOUCH_PadDataGet
                0x00000390        0x4 ./ra/fsp/src/rm_touch/rm_touch.o
                0x00000390                RM_TOUCH_PadDataGet
 .text.RM_TOUCH_CallbackSet
                0x00000394       0x14 ./ra/fsp/src/rm_touch/rm_touch.o
                0x00000394                RM_TOUCH_CallbackSet
 .text.RM_TOUCH_SensitivityRatioGet
                0x000003a8       0x84 ./ra/fsp/src/rm_touch/rm_touch.o
                0x000003a8                RM_TOUCH_SensitivityRatioGet
 .text.RM_TOUCH_ThresholdAdjust
                0x0000042c       0x94 ./ra/fsp/src/rm_touch/rm_touch.o
                0x0000042c                RM_TOUCH_ThresholdAdjust
 .text.RM_TOUCH_DriftControl
                0x000004c0        0x8 ./ra/fsp/src/rm_touch/rm_touch.o
                0x000004c0                RM_TOUCH_DriftControl
 .text.RM_TOUCH_ScanStop
                0x000004c8       0x20 ./ra/fsp/src/rm_touch/rm_touch.o
                0x000004c8                RM_TOUCH_ScanStop
 .text.RM_TOUCH_Close
                0x000004e8       0x3c ./ra/fsp/src/rm_touch/rm_touch.o
                0x000004e8                RM_TOUCH_Close
 .text.RM_TOUCH_DataGet
                0x00000524      0x460 ./ra/fsp/src/rm_touch/rm_touch.o
                0x00000524                RM_TOUCH_DataGet
 .text.R_IOPORT_Close
                0x00000984        0xc ./ra/fsp/src/r_ioport/r_ioport.o
                0x00000984                R_IOPORT_Close
 .text.R_IOPORT_PinWrite
                0x00000990       0x20 ./ra/fsp/src/r_ioport/r_ioport.o
                0x00000990                R_IOPORT_PinWrite
 .text.bsp_vbatt_init
                0x000009b0       0x8c ./ra/fsp/src/r_ioport/r_ioport.o
 .text.r_ioport_pins_config
                0x00000a3c       0xac ./ra/fsp/src/r_ioport/r_ioport.o
 .text.R_IOPORT_Open
                0x00000ae8       0x14 ./ra/fsp/src/r_ioport/r_ioport.o
                0x00000ae8                R_IOPORT_Open
 .text.R_IOPORT_PinsCfg
                0x00000afc        0xc ./ra/fsp/src/r_ioport/r_ioport.o
                0x00000afc                R_IOPORT_PinsCfg
 .text.R_DTC_Reset
                0x00000b08       0x8c ./ra/fsp/src/r_dtc/r_dtc.o
                0x00000b08                R_DTC_Reset
 .text.R_DTC_SoftwareStart
                0x00000b94        0x4 ./ra/fsp/src/r_dtc/r_dtc.o
                0x00000b94                R_DTC_SoftwareStart
 .text.R_DTC_SoftwareStop
                0x00000b98        0x4 ./ra/fsp/src/r_dtc/r_dtc.o
                0x00000b98                R_DTC_SoftwareStop
 .text.R_DTC_Enable
                0x00000b9c       0x20 ./ra/fsp/src/r_dtc/r_dtc.o
                0x00000b9c                R_DTC_Enable
 .text.R_DTC_Disable
                0x00000bbc       0x20 ./ra/fsp/src/r_dtc/r_dtc.o
                0x00000bbc                R_DTC_Disable
 .text.R_DTC_InfoGet
                0x00000bdc       0x54 ./ra/fsp/src/r_dtc/r_dtc.o
                0x00000bdc                R_DTC_InfoGet
 .text.R_DTC_Reload
                0x00000c30        0x4 ./ra/fsp/src/r_dtc/r_dtc.o
                0x00000c30                R_DTC_Reload
 .text.R_DTC_CallbackSet
                0x00000c34        0x4 ./ra/fsp/src/r_dtc/r_dtc.o
                0x00000c34                R_DTC_CallbackSet
 .text.R_DTC_Close
                0x00000c38       0x30 ./ra/fsp/src/r_dtc/r_dtc.o
                0x00000c38                R_DTC_Close
 .text.R_DTC_Reconfigure
                0x00000c68       0x88 ./ra/fsp/src/r_dtc/r_dtc.o
                0x00000c68                R_DTC_Reconfigure
 .text.R_DTC_Open
                0x00000cf0       0xb4 ./ra/fsp/src/r_dtc/r_dtc.o
                0x00000cf0                R_DTC_Open
 .text.R_CTSU_AutoJudgementDataGet
                0x00000da4       0x1c ./ra/fsp/src/r_ctsu/r_ctsu.o
                0x00000da4                R_CTSU_AutoJudgementDataGet
 .text.R_CTSU_CallbackSet
                0x00000dc0       0x10 ./ra/fsp/src/r_ctsu/r_ctsu.o
                0x00000dc0                R_CTSU_CallbackSet
 .text.ctsu_transfer_configure
                0x00000dd0       0xf0 ./ra/fsp/src/r_ctsu/r_ctsu.o
 .text.R_CTSU_ScanStart
                0x00000ec0      0x180 ./ra/fsp/src/r_ctsu/r_ctsu.o
                0x00000ec0                R_CTSU_ScanStart
 .text.ctsu_initial_offset_tuning
                0x00001040      0x16c ./ra/fsp/src/r_ctsu/r_ctsu.o
 .text.R_CTSU_Diagnosis
                0x000011ac       0x10 ./ra/fsp/src/r_ctsu/r_ctsu.o
                0x000011ac                R_CTSU_Diagnosis
 .text.R_CTSU_SpecificDataGet
                0x000011bc      0x124 ./ra/fsp/src/r_ctsu/r_ctsu.o
                0x000011bc                R_CTSU_SpecificDataGet
 .text.R_CTSU_DataInsert
                0x000012e0       0x4c ./ra/fsp/src/r_ctsu/r_ctsu.o
                0x000012e0                R_CTSU_DataInsert
 .text.R_CTSU_Close
                0x0000132c       0x74 ./ra/fsp/src/r_ctsu/r_ctsu.o
                0x0000132c                R_CTSU_Close
 .text.R_CTSU_ScanStop
                0x000013a0       0x48 ./ra/fsp/src/r_ctsu/r_ctsu.o
                0x000013a0                R_CTSU_ScanStop
 .text.ctsu_correction_calc.part.0.isra.0
                0x000013e8       0xd8 ./ra/fsp/src/r_ctsu/r_ctsu.o
 .text.ctsu_correction_ctsu2_exec
                0x000014c0      0x25c ./ra/fsp/src/r_ctsu/r_ctsu.o
 .text.R_CTSU_DataGet
                0x0000171c       0x9c ./ra/fsp/src/r_ctsu/r_ctsu.o
                0x0000171c                R_CTSU_DataGet
 .text.R_CTSU_OffsetTuning
                0x000017b8       0x88 ./ra/fsp/src/r_ctsu/r_ctsu.o
                0x000017b8                R_CTSU_OffsetTuning
 .text.R_CTSU_Open
                0x00001840      0x8f0 ./ra/fsp/src/r_ctsu/r_ctsu.o
                0x00001840                R_CTSU_Open
 .text.ctsu_write_isr
                0x00002130        0xc ./ra/fsp/src/r_ctsu/r_ctsu.o
                0x00002130                ctsu_write_isr
 .text.ctsu_read_isr
                0x0000213c        0xc ./ra/fsp/src/r_ctsu/r_ctsu.o
                0x0000213c                ctsu_read_isr
 .text.ctsu_end_interrupt
                0x00002148       0xa8 ./ra/fsp/src/r_ctsu/r_ctsu.o
                0x00002148                ctsu_end_interrupt
 .text.ctsu_end_isr
                0x000021f0       0x3c ./ra/fsp/src/r_ctsu/r_ctsu.o
                0x000021f0                ctsu_end_isr
 .text.SystemCoreClockUpdate
                0x0000222c       0x28 ./ra/fsp/src/bsp/mcu/all/bsp_clocks.o
                0x0000222c                SystemCoreClockUpdate
 .text.R_BSP_SubClockStabilizeWaitAfterReset
                0x00002254        0x4 ./ra/fsp/src/bsp/mcu/all/bsp_clocks.o
                0x00002254                R_BSP_SubClockStabilizeWaitAfterReset
 .text.bsp_clock_init
                0x00002258      0x12c ./ra/fsp/src/bsp/mcu/all/bsp_clocks.o
                0x00002258                bsp_clock_init
 .text.R_BSP_Init_RTC
                0x00002384       0x94 ./ra/fsp/src/bsp/mcu/all/bsp_clocks.o
                0x00002384                R_BSP_Init_RTC
 .text.bsp_init_internal
                0x00002418        0x4 ./ra/fsp/src/bsp/mcu/all/bsp_common.o
                0x00002418                bsp_init_internal
                0x00002418                bsp_init
 .text.bsp_prv_software_delay_loop
                0x0000241c        0xc ./ra/fsp/src/bsp/mcu/all/bsp_delay.o
                0x0000241c                bsp_prv_software_delay_loop
 .text.R_BSP_SoftwareDelay
                0x00002428       0x58 ./ra/fsp/src/bsp/mcu/all/bsp_delay.o
                0x00002428                R_BSP_SoftwareDelay
 .text.NMI_Handler
                0x00002480       0x3c ./ra/fsp/src/bsp/mcu/all/bsp_group_irq.o
                0x00002480                NMI_Handler
 .text.R_BSP_IrqStatusClear
                0x000024bc       0x1c ./ra/fsp/src/bsp/mcu/all/bsp_irq.o
                0x000024bc                R_BSP_IrqStatusClear
 .text.R_BSP_IrqCfgEnable
                0x000024d8       0x5c ./ra/fsp/src/bsp/mcu/all/bsp_irq.o
                0x000024d8                R_BSP_IrqCfgEnable
 .text.bsp_irq_cfg
                0x00002534       0x98 ./ra/fsp/src/bsp/mcu/all/bsp_irq.o
                0x00002534                bsp_irq_cfg
 .text.R_BSP_RegisterProtectEnable
                0x000025cc       0x60 ./ra/fsp/src/bsp/mcu/all/bsp_register_protection.o
                0x000025cc                R_BSP_RegisterProtectEnable
 .text.R_BSP_RegisterProtectDisable
                0x0000262c       0x54 ./ra/fsp/src/bsp/mcu/all/bsp_register_protection.o
                0x0000262c                R_BSP_RegisterProtectDisable
 .text.Default_Handler
                0x00002680        0x4 ./ra/fsp/src/bsp/cmsis/Device/RENESAS/Source/startup.o
                0x00002680                DebugMon_Handler
                0x00002680                HardFault_Handler
                0x00002680                SysTick_Handler
                0x00002680                PendSV_Handler
                0x00002680                UsageFault_Handler
                0x00002680                SecureFault_Handler
                0x00002680                Default_Handler
                0x00002680                MemManage_Handler
                0x00002680                SVC_Handler
                0x00002680                BusFault_Handler
 .text.Reset_Handler
                0x00002684        0xc ./ra/fsp/src/bsp/cmsis/Device/RENESAS/Source/startup.o
                0x00002684                Reset_Handler
 .text.SystemInit
                0x00002690       0xe0 ./ra/fsp/src/bsp/cmsis/Device/RENESAS/Source/system.o
                0x00002690                SystemInit
 .text.qe_touch_callback
                0x00002770       0x18 ./qe_gen/qe_touch_config.o
                0x00002770                qe_touch_callback
 .text.qe_touch_main
                0x00002788       0x8c ./qe_gen/qe_touch_sample.o
                0x00002788                qe_touch_main
 .text.memset   0x00002814       0x10 C:/Renesas/RA/e2studio_v2025-01_fsp_v5.8.0/toolchains/gcc_arm/13.2.rel1/bin/../lib/gcc/arm-none-eabi/13.2.1/thumb/v8-m.main+fp/hard\libg_nano.a(libc_a-memset.o)
                0x00002814                memset
 .text.memcpy   0x00002824       0x1a C:/Renesas/RA/e2studio_v2025-01_fsp_v5.8.0/toolchains/gcc_arm/13.2.rel1/bin/../lib/gcc/arm-none-eabi/13.2.1/thumb/v8-m.main+fp/hard\libg_nano.a(libc_a-memcpy-stub.o)
                0x00002824                memcpy
 *(.version)
 *fill*         0x0000283e        0x2 ff
 .version       0x00002840       0x50 ./ra/fsp/src/bsp/mcu/all/bsp_common.o
 *(.init)
 .init          0x00002890        0x4 C:/Renesas/RA/e2studio_v2025-01_fsp_v5.8.0/toolchains/gcc_arm/13.2.rel1/bin/../lib/gcc/arm-none-eabi/13.2.1/thumb/v8-m.main+fp/hard/crti.o
                0x00002890                _init
 .init          0x00002894        0x8 C:/Renesas/RA/e2studio_v2025-01_fsp_v5.8.0/toolchains/gcc_arm/13.2.rel1/bin/../lib/gcc/arm-none-eabi/13.2.1/thumb/v8-m.main+fp/hard/crtn.o
 *(.fini)
 .fini          0x0000289c        0x4 C:/Renesas/RA/e2studio_v2025-01_fsp_v5.8.0/toolchains/gcc_arm/13.2.rel1/bin/../lib/gcc/arm-none-eabi/13.2.1/thumb/v8-m.main+fp/hard/crti.o
                0x0000289c                _fini
 .fini          0x000028a0        0x8 C:/Renesas/RA/e2studio_v2025-01_fsp_v5.8.0/toolchains/gcc_arm/13.2.rel1/bin/../lib/gcc/arm-none-eabi/13.2.1/thumb/v8-m.main+fp/hard/crtn.o
 *crtbegin.o(.ctors)
 *crtbegin?.o(.ctors)
 *(EXCLUDE_FILE(*crtend.o *crtend?.o) .ctors)
 *(SORT_BY_NAME(.ctors.*))
 *(.ctors)
 *crtbegin.o(.dtors)
 *crtbegin?.o(.dtors)
 *(EXCLUDE_FILE(*crtend.o *crtend?.o) .dtors)
 *(SORT_BY_NAME(.dtors.*))
 *(.dtors)
 *(.rodata*)
 .rodata.g_transfer0
                0x000028a8        0xc ./ra_gen/common_data.o
                0x000028a8                g_transfer0
 .rodata.g_transfer0_cfg
                0x000028b4        0x8 ./ra_gen/common_data.o
                0x000028b4                g_transfer0_cfg
 .rodata.g_transfer0_cfg_extend
                0x000028bc        0x1 ./ra_gen/common_data.o
                0x000028bc                g_transfer0_cfg_extend
 *fill*         0x000028bd        0x3 ff
 .rodata.g_transfer1
                0x000028c0        0xc ./ra_gen/common_data.o
                0x000028c0                g_transfer1
 .rodata.g_transfer1_cfg
                0x000028cc        0x8 ./ra_gen/common_data.o
                0x000028cc                g_transfer1_cfg
 .rodata.g_transfer1_cfg_extend
                0x000028d4        0x1 ./ra_gen/common_data.o
                0x000028d4                g_transfer1_cfg_extend
 *fill*         0x000028d5        0x3 ff
 .rodata.g_bsp_pin_cfg
                0x000028d8        0xc ./ra_gen/pin_data.o
                0x000028d8                g_bsp_pin_cfg
 .rodata.g_bsp_pin_cfg_data
                0x000028e4       0x38 ./ra_gen/pin_data.o
                0x000028e4                g_bsp_pin_cfg_data
 .rodata.g_interrupt_event_link_select
                0x0000291c       0x80 ./ra_gen/vector_data.o
                0x0000291c                g_interrupt_event_link_select
 .rodata.g_touch_on_ctsu
                0x0000299c       0x28 ./ra/fsp/src/rm_touch/rm_touch.o
                0x0000299c                g_touch_on_ctsu
 .rodata.g_vbatt_pins_input
                0x000029c4        0x6 ./ra/fsp/src/r_ioport/r_ioport.o
 *fill*         0x000029ca        0x2 ff
 .rodata.g_transfer_on_dtc
                0x000029cc       0x2c ./ra/fsp/src/r_dtc/r_dtc.o
                0x000029cc                g_transfer_on_dtc
 .rodata.g_ctsu_on_ctsu
                0x000029f8       0x2c ./ra/fsp/src/r_ctsu/r_ctsu.o
                0x000029f8                g_ctsu_on_ctsu
 .rodata.g_ctsu_tscap_pin_cfg
                0x00002a24        0xc ./ra/fsp/src/r_ctsu/r_ctsu.o
 .rodata.g_prcr_masks
                0x00002a30        0x8 ./ra/fsp/src/bsp/mcu/all/bsp_register_protection.o
 .rodata.g_qe_touch_instance_config01
                0x00002a38        0xc ./qe_gen/qe_touch_config.o
                0x00002a38                g_qe_touch_instance_config01
 .rodata.g_qe_touch_cfg_config01
                0x00002a44       0x2c ./qe_gen/qe_touch_config.o
                0x00002a44                g_qe_touch_cfg_config01
 .rodata.g_qe_touch_button_cfg_config01
                0x00002a70        0xc ./qe_gen/qe_touch_config.o
                0x00002a70                g_qe_touch_button_cfg_config01
 .rodata.g_qe_ctsu_instance_config01
                0x00002a7c        0xc ./qe_gen/qe_touch_config.o
                0x00002a7c                g_qe_ctsu_instance_config01
 .rodata.g_qe_ctsu_cfg_config01
                0x00002a88       0x54 ./qe_gen/qe_touch_config.o
                0x00002a88                g_qe_ctsu_cfg_config01
 .rodata.g_qe_ctsu_element_cfg_config01
                0x00002adc        0xc ./qe_gen/qe_touch_config.o
                0x00002adc                g_qe_ctsu_element_cfg_config01
                0x00002ae8                        __usb_dev_descriptor_start_fs = .
 *(.usb_device_desc_fs*)
                0x00002ae8                        __usb_cfg_descriptor_start_fs = .
 *(.usb_config_desc_fs*)
                0x00002ae8                        __usb_interface_descriptor_start_fs = .
 *(.usb_interface_desc_fs*)
                0x00002ae8                        __usb_descriptor_end_fs = .
                0x00002ae8                        __usb_dev_descriptor_start_hs = .
 *(.usb_device_desc_hs*)
                0x00002ae8                        __usb_cfg_descriptor_start_hs = .
 *(.usb_config_desc_hs*)
                0x00002ae8                        __usb_interface_descriptor_start_hs = .
 *(.usb_interface_desc_hs*)
                0x00002ae8                        __usb_descriptor_end_hs = .
 *(.eh_frame*)
 .eh_frame      0x00002ae8        0x0 C:/Renesas/RA/e2studio_v2025-01_fsp_v5.8.0/toolchains/gcc_arm/13.2.rel1/bin/../lib/gcc/arm-none-eabi/13.2.1/thumb/v8-m.main+fp/hard/crtbegin.o
 .eh_frame      0x00002ae8        0x4 C:/Renesas/RA/e2studio_v2025-01_fsp_v5.8.0/toolchains/gcc_arm/13.2.rel1/bin/../lib/gcc/arm-none-eabi/13.2.1/thumb/v8-m.main+fp/hard/crtend.o
                0x00002aec                        __ROM_End = .
                0x00000140                        __Vectors_Size = (__Vectors_End - __Vectors)

.glue_7         0x00002aec        0x0
 .glue_7        0x00002aec        0x0 linker stubs

.glue_7t        0x00002aec        0x0
 .glue_7t       0x00002aec        0x0 linker stubs

.vfp11_veneer   0x00002aec        0x0
 .vfp11_veneer  0x00002aec        0x0 linker stubs

.v4_bx          0x00002aec        0x0
 .v4_bx         0x00002aec        0x0 linker stubs

.iplt           0x00002aec        0x0
 .iplt          0x00002aec        0x0 C:/Renesas/RA/e2studio_v2025-01_fsp_v5.8.0/toolchains/gcc_arm/13.2.rel1/bin/../lib/gcc/arm-none-eabi/13.2.1/thumb/v8-m.main+fp/hard/crtbegin.o
                0x00002aec                        . = .
                0x00002aec                        __itcm_data_pre_location = .

.itcm_data      0x00000000        0x0 load address 0x00002af0
                0x00000000                        __tz_ITCM_S = ABSOLUTE (ITCM_START)
                0x00000000                        __itcm_data_start = .
 *(.itcm_data*)
                0x00000000                        . = ALIGN (0x8)
                0x00000000                        __itcm_data_end = .
                0x00000000                        __tz_ITCM_N = DEFINED (ITCM_NS_START)?ABSOLUTE (ITCM_NS_START):ALIGN (__itcm_data_end, 0x2000)
                0x00002af0                        __itcm_data_init_start = LOADADDR (.itcm_data)
                0x00002af0                        __itcm_data_init_end = (LOADADDR (.itcm_data) + SIZEOF (.itcm_data))
                0x00000001                        ASSERT (((ORIGIN (ITCM) % 0x8) == 0x0), ITCM memory region origin must be aligned to 8 bytes.)
                0x00000001                        ASSERT (((LENGTH (ITCM) % 0x8) == 0x0), ITCM memory region length must be a multiple of 8 bytes.)
                0x00000001                        ASSERT (((LOADADDR (.itcm_data) % 0x10) == 0x0), .itcm_data section must be aligned to 16 bytes.)
                0x00000001                        ASSERT (((SIZEOF (.itcm_data) % 0x8) == 0x0), .itcm_data section size must be a multiple of 8 bytes.)
                0x00002aec                        . = (SIZEOF (.itcm_data) > 0x0)?__itcm_data_init_end:__itcm_data_pre_location
                0x00002aec                        __exidx_start = .

/DISCARD/
 *(.ARM.extab* .gnu.linkonce.armextab.*)
 *(.ARM.exidx* .gnu.linkonce.armexidx.*)
                0x00002aec                        __exidx_end = .
                0x00002aec                        __etext = .
                0x20000000                        __tz_RAM_S = ORIGIN (RAM)

.fsp_dtc_vector_table
                0x20000000      0x100
                0x20000000                        . = ORIGIN (RAM)
 *(.fsp_dtc_vector_table)
 .fsp_dtc_vector_table
                0x20000000      0x100 ./ra/fsp/src/r_dtc/r_dtc.o

.data           0x20000100       0x30 load address 0x00002aec
                0x20000100                        __data_start__ = .
                0x20000100                        . = ALIGN (0x4)
                0x20000100                        __Code_In_RAM_Start = .
 *(.code_in_ram*)
                0x20000100                        __Code_In_RAM_End = .
 *(vtable)
 *(.data.*)
 .data.g_transfer0_info
                0x20000100       0x10 ./ra_gen/common_data.o
                0x20000100                g_transfer0_info
 .data.g_transfer1_info
                0x20000110       0x10 ./ra_gen/common_data.o
                0x20000110                g_transfer1_info
 .data.g_ctsu_tscap_pin_cfg_data
                0x20000120        0x8 ./ra/fsp/src/r_ctsu/r_ctsu.o
 *(.data)
                0x20000128                        . = ALIGN (0x4)
                0x20000128                        PROVIDE (__preinit_array_start = .)
 *(.preinit_array)
                0x20000128                        PROVIDE (__preinit_array_end = .)
                0x20000128                        . = ALIGN (0x4)
                0x20000128                        PROVIDE (__init_array_start = .)
 *(SORT_BY_NAME(.init_array.*))
 *(.init_array)
 .init_array    0x20000128        0x4 C:/Renesas/RA/e2studio_v2025-01_fsp_v5.8.0/toolchains/gcc_arm/13.2.rel1/bin/../lib/gcc/arm-none-eabi/13.2.1/thumb/v8-m.main+fp/hard/crtbegin.o
                0x2000012c                        PROVIDE (__init_array_end = .)
                0x2000012c                        . = ALIGN (0x4)
                [!provide]                        PROVIDE (__fini_array_start = .)
 *(SORT_BY_NAME(.fini_array.*))
 *(.fini_array)
 .fini_array    0x2000012c        0x4 C:/Renesas/RA/e2studio_v2025-01_fsp_v5.8.0/toolchains/gcc_arm/13.2.rel1/bin/../lib/gcc/arm-none-eabi/13.2.1/thumb/v8-m.main+fp/hard/crtbegin.o
                [!provide]                        PROVIDE (__fini_array_end = .)
 *(.jcr*)
                0x20000130                        . = ALIGN (0x4)
                0x20000130                        __data_end__ = .

.tm_clone_table
                0x20000130        0x0 load address 0x00002b1c
 .tm_clone_table
                0x20000130        0x0 C:/Renesas/RA/e2studio_v2025-01_fsp_v5.8.0/toolchains/gcc_arm/13.2.rel1/bin/../lib/gcc/arm-none-eabi/13.2.1/thumb/v8-m.main+fp/hard/crtbegin.o
 .tm_clone_table
                0x20000130        0x0 C:/Renesas/RA/e2studio_v2025-01_fsp_v5.8.0/toolchains/gcc_arm/13.2.rel1/bin/../lib/gcc/arm-none-eabi/13.2.1/thumb/v8-m.main+fp/hard/crtend.o

.igot.plt       0x20000130        0x0 load address 0x00002b1c
 .igot.plt      0x20000130        0x0 C:/Renesas/RA/e2studio_v2025-01_fsp_v5.8.0/toolchains/gcc_arm/13.2.rel1/bin/../lib/gcc/arm-none-eabi/13.2.1/thumb/v8-m.main+fp/hard/crtbegin.o
                0x20000130                        . = .
                0x00002b1c                        __dtcm_data_pre_location = (LOADADDR (.data) + SIZEOF (.data))

.dtcm_data      0x00000000        0x0 load address 0x00002b20
                0x00000000                        __tz_DTCM_S = ABSOLUTE (DTCM_START)
                0x00000000                        __dtcm_data_start = .
 *(.dtcm_data*)
                0x00000000                        . = ALIGN (0x8)
                0x00000000                        __dtcm_data_end = .
                0x00000000                        . = __dtcm_data_end

.dtcm_bss       0x00000000        0x0
                0x00000000                        __dtcm_bss_start = .
 *(.dtcm_bss*)
                0x00000000                        . = ALIGN (0x8)
                0x00000000                        __dtcm_bss_end = .
                0x00000000                        __tz_DTCM_N = DEFINED (DTCM_NS_START)?ABSOLUTE (DTCM_NS_START):ALIGN (__dtcm_bss_end, 0x2000)
                0x00002b20                        __dtcm_data_init_start = LOADADDR (.dtcm_data)
                0x00002b20                        __dtcm_data_init_end = (LOADADDR (.dtcm_data) + SIZEOF (.dtcm_data))
                0x00000001                        ASSERT (((ORIGIN (DTCM) % 0x8) == 0x0), DTCM memory region origin must be aligned to 8 bytes.)
                0x00000001                        ASSERT (((LENGTH (DTCM) % 0x8) == 0x0), DTCM memory region length must be a multiple of 8 bytes.)
                0x00000001                        ASSERT ((LOADADDR (.dtcm_bss) == ADDR (.dtcm_bss)), .dtcm_bss has (VMA != LMA) but should be NOLOAD (VMA == LMA).)
                0x00000001                        ASSERT (((LOADADDR (.dtcm_data) % 0x10) == 0x0), .dtcm_data section must be aligned to 16 bytes.)
                0x00000001                        ASSERT (((SIZEOF (.dtcm_data) % 0x8) == 0x0), .dtcm_data section size must be a multiple of 8 bytes.)
                0x00000001                        ASSERT (((LOADADDR (.dtcm_bss) % 0x8) == 0x0), .dtcm_bss section must be aligned to 8 bytes.)
                0x00000001                        ASSERT (((SIZEOF (.dtcm_bss) % 0x8) == 0x0), .dtcm_bss section size must be a multiple of 8 bytes.)
                0x00000001                        ASSERT ((__dtcm_bss_start == __dtcm_data_end), .dtcm_bss section is not adjacent to .dtcm_data section.)
                0x00002b1c                        . = (SIZEOF (.dtcm_data) > 0x0)?__dtcm_data_init_end:__dtcm_data_pre_location
                0x00002b1c                        sgstubs_pre_location = .
                0x00002c00                        SGSTUBS_LOC = (DEFINED (PROJECT_SECURE) && DEFINED (FLASH_NSC_START))?ABSOLUTE (FLASH_NSC_START):ALIGN (0x400)

.gnu.sgstubs    0x00002c00        0x0
                0x00002c00                        __tz_FLASH_C = DEFINED (FLASH_NSC_START)?ABSOLUTE (FLASH_NSC_START):__RESERVE_NS_RAM?ABSOLUTE ((FLASH_START + FLASH_LENGTH)):ALIGN (0x400)
                0x00002c00                        _start_sg = .
 *(.gnu.sgstubs*)
                0x00002c00                        . = ALIGN (0x20)
                0x00002c00                        _end_sg = .
                0x00008000                        __tz_FLASH_N = DEFINED (FLASH_NS_START)?ABSOLUTE (FLASH_NS_START):__RESERVE_NS_RAM?ABSOLUTE ((FLASH_START + FLASH_LENGTH)):(FLASH_LENGTH < 0x8000)?FLASH_LENGTH:ALIGN (0x8000)
                0x00008000                        FLASH_NS_IMAGE_START = DEFINED (FLASH_NS_IMAGE_START)?FLASH_NS_IMAGE_START:__tz_FLASH_N
                0x60000000                        __tz_QSPI_FLASH_S = ORIGIN (QSPI_FLASH)

.qspi_flash     0x60000000        0x0
                0x60000000                        __qspi_flash_start__ = .
 *(.qspi_flash*)
 *(.code_in_qspi*)
                0x60000000                        __qspi_flash_end__ = .
                0x00000000                        __qspi_flash_code_size__ = (__qspi_flash_end__ - __qspi_flash_start__)
                0x00002b1c                        __qspi_flash_code_addr__ = sgstubs_pre_location

.qspi_non_retentive
                0x60000000        0x0 load address 0x00002b1c
                0x60000000                        __qspi_non_retentive_start__ = .
 *(.qspi_non_retentive*)
                0x60000000                        __qspi_non_retentive_end__ = .
                0x00000000                        __qspi_non_retentive_size__ = (__qspi_non_retentive_end__ - __qspi_non_retentive_start__)
                0x04000000                        __qspi_region_max_size__ = 0x4000000
                0x60000000                        __qspi_region_start_address__ = __qspi_flash_start__
                0x64000000                        __qspi_region_end_address__ = (__qspi_flash_start__ + __qspi_region_max_size__)
                0x60000000                        __tz_QSPI_FLASH_N = __qspi_non_retentive_end__

.OSPI_DEVICE_0_NO_LOAD
                0x80020000        0x0
                0x80020000                        . = ALIGN (0x4)
                0x80020000                        __ospi_device_0_start__ = .
 *(.ospi_device_0_no_load*)
                0x80020000                        . = ALIGN (0x4)
                0x80020000                        __ospi_device_0_end__ = .

.OSPI_DEVICE_1_NO_LOAD
                0x80030000        0x0
                0x80030000                        . = ALIGN (0x4)
                0x80030000                        __ospi_device_1_start__ = .
 *(.ospi_device_1_no_load*)
                0x80030000                        . = ALIGN (0x4)
                0x80030000                        __ospi_device_1_end__ = .
                0x80020000                        __tz_OSPI_DEVICE_0_S = ORIGIN (OSPI_DEVICE_0)

.OSPI_DEVICE_0  0x80020000        0x0
                0x80020000                        __ospi_device_0_start__ = .
 *(.ospi_device_0*)
 *(.code_in_ospi_device_0*)
                0x80020000                        __ospi_device_0_end__ = .
                0x00000000                        __ospi_device_0_code_size__ = (__ospi_device_0_end__ - __ospi_device_0_start__)
                0x00002b1c                        __ospi_device_0_code_addr__ = (sgstubs_pre_location + SIZEOF (.qspi_non_retentive))

.ospi_device_0_non_retentive
                0x80020000        0x0 load address 0x00002b1c
                0x80020000                        __ospi_device_0_non_retentive_start__ = .
 *(.ospi_device_0_non_retentive*)
                0x80020000                        __ospi_device_0_non_retentive_end__ = .
                0x00000000                        __ospi_device_0_non_retentive_size__ = (__ospi_device_0_non_retentive_end__ - __ospi_device_0_non_retentive_start__)
                0x08000000                        __ospi_device_0_region_max_size__ = 0x8000000
                0x80020000                        __ospi_device_0_region_start_address__ = __ospi_device_0_start__
                0x88020000                        __ospi_device_0_region_end_address__ = (__ospi_device_0_start__ + __ospi_device_0_region_max_size__)
                0x80020000                        __tz_OSPI_DEVICE_0_N = __ospi_device_0_non_retentive_end__
                0x80030000                        __tz_OSPI_DEVICE_1_S = ORIGIN (OSPI_DEVICE_1)

.OSPI_DEVICE_1  0x80030000        0x0
                0x80030000                        __ospi_device_1_start__ = .
 *(.ospi_device_1*)
 *(.code_in_ospi_device_1*)
                0x80030000                        __ospi_device_1_end__ = .
                0x00000000                        __ospi_device_1_code_size__ = (__ospi_device_1_end__ - __ospi_device_1_start__)
                0x00002b1c                        __ospi_device_1_code_addr__ = (sgstubs_pre_location + (SIZEOF (.qspi_non_retentive) + SIZEOF (.ospi_device_0_non_retentive)))

.ospi_device_1_non_retentive
                0x80030000        0x0 load address 0x00002b1c
                0x80030000                        __ospi_device_1_non_retentive_start__ = .
 *(.ospi_device_1_non_retentive*)
                0x80030000                        __ospi_device_1_non_retentive_end__ = .
                0x00000000                        __ospi_device_1_non_retentive_size__ = (__ospi_device_1_non_retentive_end__ - __ospi_device_1_non_retentive_start__)
                0x10000000                        __ospi_device_1_region_max_size__ = 0x10000000
                0x80030000                        __ospi_device_1_region_start_address__ = __ospi_device_1_start__
                0x90030000                        __ospi_device_1_region_end_address__ = (__ospi_device_1_start__ + __ospi_device_1_region_max_size__)
                0x80030000                        __tz_OSPI_DEVICE_1_N = __ospi_device_1_non_retentive_end__

.noinit         0x20000130       0x18
                0x20000130                        . = ALIGN (0x4)
                0x20000130                        __noinit_start = .
 *(.noinit*)
 .noinit        0x20000130       0x18 ./ra/fsp/src/bsp/mcu/all/bsp_clocks.o
                0x20000148                        . = ALIGN (0x8)
 *(.heap.*)
                0x20000148                        __noinit_end = .

.bss            0x20000148      0x498
                0x20000148                        . = ALIGN (0x4)
                0x20000148                        __bss_start__ = .
 *(.bss*)
 .bss.completed.1
                0x20000148        0x1 C:/Renesas/RA/e2studio_v2025-01_fsp_v5.8.0/toolchains/gcc_arm/13.2.rel1/bin/../lib/gcc/arm-none-eabi/13.2.1/thumb/v8-m.main+fp/hard/crtbegin.o
 *fill*         0x20000149        0x3 
 .bss.object.0  0x2000014c       0x18 C:/Renesas/RA/e2studio_v2025-01_fsp_v5.8.0/toolchains/gcc_arm/13.2.rel1/bin/../lib/gcc/arm-none-eabi/13.2.1/thumb/v8-m.main+fp/hard/crtbegin.o
 .bss.g_ioport_ctrl
                0x20000164        0x8 ./ra_gen/common_data.o
                0x20000164                g_ioport_ctrl
 .bss.g_transfer0_ctrl
                0x2000016c        0x8 ./ra_gen/common_data.o
                0x2000016c                g_transfer0_ctrl
 .bss.g_transfer1_ctrl
                0x20000174        0x8 ./ra_gen/common_data.o
                0x20000174                g_transfer1_ctrl
 .bss.gp_touch_isr_context
                0x2000017c        0x4 ./ra/fsp/src/rm_touch/rm_touch.o
                0x2000017c                gp_touch_isr_context
 .bss.g_touch_monitor_size
                0x20000180       0x10 ./ra/fsp/src/rm_touch/rm_touch.o
 .bss.g_touch_monitor_id
                0x20000190        0x1 ./ra/fsp/src/rm_touch/rm_touch.o
 *fill*         0x20000191        0x3 
 .bss.g_touch_monitor_buf
                0x20000194       0x4a ./ra/fsp/src/rm_touch/rm_touch.o
 *fill*         0x200001de        0x2 
 .bss.g_button_mm_info
                0x200001e0        0xc ./ra/fsp/src/rm_touch/rm_touch.o
 .bss.g_touch_button_drift_count
                0x200001ec        0x4 ./ra/fsp/src/rm_touch/rm_touch.o
 .bss.g_touch_button_drift_buf
                0x200001f0        0x8 ./ra/fsp/src/rm_touch/rm_touch.o
 .bss.g_touch_button_off_count
                0x200001f8        0x4 ./ra/fsp/src/rm_touch/rm_touch.o
 .bss.g_touch_button_on_count
                0x200001fc        0x4 ./ra/fsp/src/rm_touch/rm_touch.o
 .bss.g_touch_button_reference
                0x20000200        0x4 ./ra/fsp/src/rm_touch/rm_touch.o
 .bss.g_touch_button_hysteresis
                0x20000204        0x4 ./ra/fsp/src/rm_touch/rm_touch.o
 .bss.g_touch_button_threshold
                0x20000208        0x4 ./ra/fsp/src/rm_touch/rm_touch.o
 .bss.g_touch_button_index
                0x2000020c        0x1 ./ra/fsp/src/rm_touch/rm_touch.o
 *fill*         0x2000020d        0x3 
 .bss.g_data    0x20000210        0x4 ./ra/fsp/src/rm_touch/rm_touch.o
 .bss.g_dtc_state_initialized.0
                0x20000214        0x1 ./ra/fsp/src/r_dtc/r_dtc.o
 *fill*         0x20000215        0x3 
 .bss.g_ctsu_tscap_ioport_ctrl
                0x20000218        0x8 ./ra/fsp/src/r_ctsu/r_ctsu.o
 .bss.g_ctsu_selected_freq_self
                0x20000220        0x2 ./ra/fsp/src/r_ctsu/r_ctsu.o
                0x20000220                g_ctsu_selected_freq_self
 *fill*         0x20000222        0x2 
 .bss.g_ctsu_correction_info
                0x20000224       0xe4 ./ra/fsp/src/r_ctsu/r_ctsu.o
 .bss.g_ctsu_self_data
                0x20000308        0x8 ./ra/fsp/src/r_ctsu/r_ctsu.o
 .bss.g_ctsu_self_mfc
                0x20000310        0xc ./ra/fsp/src/r_ctsu/r_ctsu.o
 .bss.g_ctsu_self_corr
                0x2000031c        0xc ./ra/fsp/src/r_ctsu/r_ctsu.o
 .bss.g_ctsu_self_raw
                0x20000328        0xc ./ra/fsp/src/r_ctsu/r_ctsu.o
 .bss.g_ctsu_self_element_index
                0x20000334        0x2 ./ra/fsp/src/r_ctsu/r_ctsu.o
 *fill*         0x20000336        0x2 
 .bss.g_ctsu_ctsuwr
                0x20000338       0x18 ./ra/fsp/src/r_ctsu/r_ctsu.o
 .bss.g_ctsu_tuning_diff
                0x20000350        0x8 ./ra/fsp/src/r_ctsu/r_ctsu.o
 .bss.g_ctsu_frequency_complete_flag
                0x20000358        0x2 ./ra/fsp/src/r_ctsu/r_ctsu.o
 *fill*         0x2000035a        0x2 
 .bss.g_ctsu_element_complete_flag
                0x2000035c        0x2 ./ra/fsp/src/r_ctsu/r_ctsu.o
 .bss.g_ctsu_element_index
                0x2000035e        0x2 ./ra/fsp/src/r_ctsu/r_ctsu.o
 .bss.g_bsp_group_irq_sources
                0x20000360       0x40 ./ra/fsp/src/bsp/mcu/all/bsp_group_irq.o
                0x20000360                g_bsp_group_irq_sources
 .bss.g_protect_pfswe_counter
                0x200003a0        0x4 ./ra/fsp/src/bsp/mcu/all/bsp_io.o
                0x200003a0                g_protect_pfswe_counter
 .bss.gp_renesas_isr_context
                0x200003a4      0x100 ./ra/fsp/src/bsp/mcu/all/bsp_irq.o
                0x200003a4                gp_renesas_isr_context
 .bss.g_protect_counters
                0x200004a4        0x8 ./ra/fsp/src/bsp/mcu/all/bsp_register_protection.o
                0x200004a4                g_protect_counters
 .bss.SystemCoreClock
                0x200004ac        0x4 ./ra/fsp/src/bsp/cmsis/Device/RENESAS/Source/system.o
                0x200004ac                SystemCoreClock
 .bss.g_qe_touch_ctrl_config01
                0x200004b0       0x88 ./qe_gen/qe_touch_config.o
                0x200004b0                g_qe_touch_ctrl_config01
 .bss.g_qe_ctsu_ctrl_config01
                0x20000538       0x9c ./qe_gen/qe_touch_config.o
                0x20000538                g_qe_ctsu_ctrl_config01
 .bss.g_qe_ctsu_event
                0x200005d4        0x1 ./qe_gen/qe_touch_config.o
                0x200005d4                g_qe_ctsu_event
 .bss.g_qe_touch_flag
                0x200005d5        0x1 ./qe_gen/qe_touch_config.o
                0x200005d5                g_qe_touch_flag
 *fill*         0x200005d6        0x2 
 .bss.button_status
                0x200005d8        0x8 ./qe_gen/qe_touch_sample.o
                0x200005d8                button_status
 *(COMMON)
                0x200005e0                        . = ALIGN (0x4)
                0x200005e0                        __bss_end__ = .

.heap           0x200005e0        0x0
                0x200005e0                        . = ALIGN (0x8)
                0x200005e0                        __HeapBase = .
 *(.heap)
                0x200005e0                        __HeapLimit = .

.stack_dummy    0x200005e0      0x400
                0x200005e0                        . = ALIGN (0x8)
                0x200005e0                        __StackLimit = .
 *(.stack)
 .stack         0x200005e0      0x400 ./ra/fsp/src/bsp/cmsis/Device/RENESAS/Source/startup.o
                0x200009e0                        __StackTop = .
 *(.stack*)
                0x200009e0                        __StackTopAll = .
                0x200009e0                        PROVIDE (__stack = __StackTopAll)
                0x200009e0                        __RAM_segment_used_end__ = ALIGN (__StackTopAll, 0x4)
                0x20000c00                        __tz_RAM_C = DEFINED (RAM_NSC_START)?ABSOLUTE ((RAM_NSC_START - RAM_NS_BUFFER_BLOCK_LENGTH)):__RESERVE_NS_RAM?ABSOLUTE (RAM_NS_BUFFER_BLOCK_START):ALIGN (__RAM_segment_used_end__, 0x400)
                0x20002000                        __tz_RAM_N = DEFINED (RAM_NS_START)?ABSOLUTE ((RAM_NS_START - RAM_NS_BUFFER_BLOCK_LENGTH)):__RESERVE_NS_RAM?ABSOLUTE (RAM_NS_BUFFER_BLOCK_START):ALIGN (__tz_RAM_C, 0x2000)

.ns_buffer      0x200009e0        0x0
                0x200009e0                        . = __RESERVE_NS_RAM?ABSOLUTE ((RAM_NS_BUFFER_START & 0xffffffe0)):.
 *(.ns_buffer*)

.data_flash     0x08000000        0x0
                0x08000000                        . = ORIGIN (DATA_FLASH)
                0x08000000                        __tz_DATA_FLASH_S = .
                0x08000000                        __Data_Flash_Start = .
 *(.data_flash*)
                0x08000000                        __Data_Flash_End = .
                0x08000000                        __tz_DATA_FLASH_N = DEFINED (DATA_FLASH_NS_START)?ABSOLUTE (DATA_FLASH_NS_START):__RESERVE_NS_RAM?ABSOLUTE ((DATA_FLASH_START + DATA_FLASH_LENGTH)):ALIGN (0x400)
                0x80010000                        __tz_SDRAM_S = ORIGIN (SDRAM)

.sdram          0x80010000        0x0
                0x80010000                        __SDRAM_Start = .
 *(.sdram*)
 *(.frame*)
                0x80010000                        __SDRAM_End = .
                0x80010000                        __tz_SDRAM_N = __SDRAM_End
                0x00000000                        __tz_ID_CODE_S = ORIGIN (ID_CODE)
                0x00000000                        __tz_ID_CODE_N = __tz_ID_CODE_S

.id_code        0x00000000        0x0
                0x00000000                        __ID_Code_Start = .
 *(.id_code*)
                0x00000000                        __ID_Code_End = .
                0x0100a100                        __tz_OPTION_SETTING_S = ORIGIN (OPTION_SETTING_OFS)

.option_setting_ofs
                0x0100a100       0x14
                0x0100a100                        __OPTION_SETTING_OFS_Start = .
 *(.option_setting_ofs0)
 .option_setting_ofs0
                0x0100a100        0x4 ./ra/fsp/src/bsp/mcu/all/bsp_rom_registers.o
                0x0100a104                        . = PROJECT_SECURE_OR_FLAT?(__OPTION_SETTING_OFS_Start + 0x4):__OPTION_SETTING_OFS_Start
 *(.option_setting_ofs2)
                0x0100a110                        . = PROJECT_SECURE_OR_FLAT?(__OPTION_SETTING_OFS_Start + 0x10):__OPTION_SETTING_OFS_Start
 *fill*         0x0100a104        0xc ff
 *(.option_setting_dualsel)
 .option_setting_dualsel
                0x0100a110        0x4 ./ra/fsp/src/bsp/mcu/all/bsp_rom_registers.o
                0x0100a114                        __OPTION_SETTING_OFS_End = .

.option_setting_sas
                0x0100a134        0x4
                0x0100a134                        __OPTION_SETTING_SAS_Start = .
 *(.option_setting_sas)
 .option_setting_sas
                0x0100a134        0x4 ./ra/fsp/src/bsp/mcu/all/bsp_rom_registers.o
                0x0100a138                        __OPTION_SETTING_SAS_End = .
                0x0100a180                        __tz_OPTION_SETTING_N = ABSOLUTE (OPTION_SETTING_START_NS)

.option_setting_ns
                0x0100a100        0x0
                0x0100a100                        __OPTION_SETTING_NS_Start = .
 *(.option_setting_ofs1)
                0x0100a100                        . = USE_OPTION_SETTING_NS?(__OPTION_SETTING_NS_Start + 0x4):__OPTION_SETTING_NS_Start
 *(.option_setting_ofs3)
                0x0100a100                        . = USE_OPTION_SETTING_NS?(__OPTION_SETTING_NS_Start + 0x10):__OPTION_SETTING_NS_Start
 *(.option_setting_banksel)
                0x0100a100                        . = USE_OPTION_SETTING_NS?(__OPTION_SETTING_NS_Start + 0x40):__OPTION_SETTING_NS_Start
 *(.option_setting_bps0)
                0x0100a100                        . = USE_OPTION_SETTING_NS?(__OPTION_SETTING_NS_Start + 0x44):__OPTION_SETTING_NS_Start
 *(.option_setting_bps1)
                0x0100a100                        . = USE_OPTION_SETTING_NS?(__OPTION_SETTING_NS_Start + 0x48):__OPTION_SETTING_NS_Start
 *(.option_setting_bps2)
                0x0100a100                        . = USE_OPTION_SETTING_NS?(__OPTION_SETTING_NS_Start + 0x4c):__OPTION_SETTING_NS_Start
 *(.option_setting_bps3)
                0x0100a100                        . = USE_OPTION_SETTING_NS?(__OPTION_SETTING_NS_Start + 0x60):__OPTION_SETTING_NS_Start
 *(.option_setting_pbps0)
                0x0100a100                        . = USE_OPTION_SETTING_NS?(__OPTION_SETTING_NS_Start + 0x64):__OPTION_SETTING_NS_Start
 *(.option_setting_pbps1)
                0x0100a100                        . = USE_OPTION_SETTING_NS?(__OPTION_SETTING_NS_Start + 0x68):__OPTION_SETTING_NS_Start
 *(.option_setting_pbps2)
                0x0100a100                        . = USE_OPTION_SETTING_NS?(__OPTION_SETTING_NS_Start + 0x6c):__OPTION_SETTING_NS_Start
 *(.option_setting_pbps3)
                0x0100a100                        __OPTION_SETTING_NS_End = .
                0x0100a200                        __tz_OPTION_SETTING_S_S = ORIGIN (OPTION_SETTING_S)

.option_setting_s
                0x0100a200       0xd0
                0x0100a200                        __OPTION_SETTING_S_Start = .
 *(.option_setting_ofs1_sec)
 .option_setting_ofs1_sec
                0x0100a200        0x4 ./ra/fsp/src/bsp/mcu/all/bsp_rom_registers.o
                0x0100a204                        . = PROJECT_SECURE_OR_FLAT?(__OPTION_SETTING_S_Start + 0x4):__OPTION_SETTING_S_Start
 *(.option_setting_ofs3_sec)
                0x0100a210                        . = PROJECT_SECURE_OR_FLAT?(__OPTION_SETTING_S_Start + 0x10):__OPTION_SETTING_S_Start
 *fill*         0x0100a204        0xc ff
 *(.option_setting_banksel_sec)
 .option_setting_banksel_sec
                0x0100a210        0x4 ./ra/fsp/src/bsp/mcu/all/bsp_rom_registers.o
                0x0100a240                        . = PROJECT_SECURE_OR_FLAT?(__OPTION_SETTING_S_Start + 0x40):__OPTION_SETTING_S_Start
 *fill*         0x0100a214       0x2c ff
 *(.option_setting_bps_sec0)
 .option_setting_bps_sec0
                0x0100a240        0x4 ./ra/fsp/src/bsp/mcu/all/bsp_rom_registers.o
                0x0100a244                        . = PROJECT_SECURE_OR_FLAT?(__OPTION_SETTING_S_Start + 0x44):__OPTION_SETTING_S_Start
 *(.option_setting_bps_sec1)
 .option_setting_bps_sec1
                0x0100a244        0x4 ./ra/fsp/src/bsp/mcu/all/bsp_rom_registers.o
                0x0100a248                        . = PROJECT_SECURE_OR_FLAT?(__OPTION_SETTING_S_Start + 0x48):__OPTION_SETTING_S_Start
 *(.option_setting_bps_sec2)
 .option_setting_bps_sec2
                0x0100a248        0x4 ./ra/fsp/src/bsp/mcu/all/bsp_rom_registers.o
                0x0100a24c                        . = PROJECT_SECURE_OR_FLAT?(__OPTION_SETTING_S_Start + 0x4c):__OPTION_SETTING_S_Start
 *(.option_setting_bps_sec3)
 .option_setting_bps_sec3
                0x0100a24c        0x4 ./ra/fsp/src/bsp/mcu/all/bsp_rom_registers.o
                0x0100a260                        . = PROJECT_SECURE_OR_FLAT?(__OPTION_SETTING_S_Start + 0x60):__OPTION_SETTING_S_Start
 *fill*         0x0100a250       0x10 ff
 *(.option_setting_pbps_sec0)
 .option_setting_pbps_sec0
                0x0100a260        0x4 ./ra/fsp/src/bsp/mcu/all/bsp_rom_registers.o
                0x0100a264                        . = PROJECT_SECURE_OR_FLAT?(__OPTION_SETTING_S_Start + 0x64):__OPTION_SETTING_S_Start
 *(.option_setting_pbps_sec1)
 .option_setting_pbps_sec1
                0x0100a264        0x4 ./ra/fsp/src/bsp/mcu/all/bsp_rom_registers.o
                0x0100a268                        . = PROJECT_SECURE_OR_FLAT?(__OPTION_SETTING_S_Start + 0x68):__OPTION_SETTING_S_Start
 *(.option_setting_pbps_sec2)
 .option_setting_pbps_sec2
                0x0100a268        0x4 ./ra/fsp/src/bsp/mcu/all/bsp_rom_registers.o
                0x0100a26c                        . = PROJECT_SECURE_OR_FLAT?(__OPTION_SETTING_S_Start + 0x6c):__OPTION_SETTING_S_Start
 *(.option_setting_pbps_sec3)
 .option_setting_pbps_sec3
                0x0100a26c        0x4 ./ra/fsp/src/bsp/mcu/all/bsp_rom_registers.o
                0x0100a280                        . = PROJECT_SECURE_OR_FLAT?(__OPTION_SETTING_S_Start + 0x80):__OPTION_SETTING_S_Start
 *fill*         0x0100a270       0x10 ff
 *(.option_setting_ofs1_sel)
 .option_setting_ofs1_sel
                0x0100a280        0x4 ./ra/fsp/src/bsp/mcu/all/bsp_rom_registers.o
                0x0100a284                        . = PROJECT_SECURE_OR_FLAT?(__OPTION_SETTING_S_Start + 0x84):__OPTION_SETTING_S_Start
 *(.option_setting_ofs3_sel)
                0x0100a290                        . = PROJECT_SECURE_OR_FLAT?(__OPTION_SETTING_S_Start + 0x90):__OPTION_SETTING_S_Start
 *fill*         0x0100a284        0xc ff
 *(.option_setting_banksel_sel)
 .option_setting_banksel_sel
                0x0100a290        0x4 ./ra/fsp/src/bsp/mcu/all/bsp_rom_registers.o
                0x0100a2c0                        . = PROJECT_SECURE_OR_FLAT?(__OPTION_SETTING_S_Start + 0xc0):__OPTION_SETTING_S_Start
 *fill*         0x0100a294       0x2c ff
 *(.option_setting_bps_sel0)
 .option_setting_bps_sel0
                0x0100a2c0        0x4 ./ra/fsp/src/bsp/mcu/all/bsp_rom_registers.o
                0x0100a2c4                        . = PROJECT_SECURE_OR_FLAT?(__OPTION_SETTING_S_Start + 0xc4):__OPTION_SETTING_S_Start
 *(.option_setting_bps_sel1)
 .option_setting_bps_sel1
                0x0100a2c4        0x4 ./ra/fsp/src/bsp/mcu/all/bsp_rom_registers.o
                0x0100a2c8                        . = PROJECT_SECURE_OR_FLAT?(__OPTION_SETTING_S_Start + 0xc8):__OPTION_SETTING_S_Start
 *(.option_setting_bps_sel2)
 .option_setting_bps_sel2
                0x0100a2c8        0x4 ./ra/fsp/src/bsp/mcu/all/bsp_rom_registers.o
                0x0100a2cc                        . = PROJECT_SECURE_OR_FLAT?(__OPTION_SETTING_S_Start + 0xcc):__OPTION_SETTING_S_Start
 *(.option_setting_bps_sel3)
 .option_setting_bps_sel3
                0x0100a2cc        0x4 ./ra/fsp/src/bsp/mcu/all/bsp_rom_registers.o
                0x0100a2d0                        __OPTION_SETTING_S_End = .
                0x0100a2d0                        __tz_OPTION_SETTING_S_N = __OPTION_SETTING_S_End
OUTPUT(RA4L1_Project21.elf elf32-littlearm)
LOAD linker stubs

.rel.dyn        0x0100a2d0        0x0
 .rel.iplt      0x0100a2d0        0x0 C:/Renesas/RA/e2studio_v2025-01_fsp_v5.8.0/toolchains/gcc_arm/13.2.rel1/bin/../lib/gcc/arm-none-eabi/13.2.1/thumb/v8-m.main+fp/hard/crtbegin.o

.ARM.attributes
                0x00000000       0x36
 .ARM.attributes
                0x00000000       0x26 C:/Renesas/RA/e2studio_v2025-01_fsp_v5.8.0/toolchains/gcc_arm/13.2.rel1/bin/../lib/gcc/arm-none-eabi/13.2.1/thumb/v8-m.main+fp/hard/crti.o
 .ARM.attributes
                0x00000026       0x38 C:/Renesas/RA/e2studio_v2025-01_fsp_v5.8.0/toolchains/gcc_arm/13.2.rel1/bin/../lib/gcc/arm-none-eabi/13.2.1/thumb/v8-m.main+fp/hard/crtbegin.o
 .ARM.attributes
                0x0000005e       0x3a ./src/hal_entry.o
 .ARM.attributes
                0x00000098       0x3a ./ra_gen/common_data.o
 .ARM.attributes
                0x000000d2       0x3a ./ra_gen/main.o
 .ARM.attributes
                0x0000010c       0x3a ./ra_gen/pin_data.o
 .ARM.attributes
                0x00000146       0x3a ./ra_gen/vector_data.o
 .ARM.attributes
                0x00000180       0x3a ./ra/fsp/src/rm_touch/rm_touch.o
 .ARM.attributes
                0x000001ba       0x3a ./ra/fsp/src/r_ioport/r_ioport.o
 .ARM.attributes
                0x000001f4       0x3a ./ra/fsp/src/r_dtc/r_dtc.o
 .ARM.attributes
                0x0000022e       0x3a ./ra/fsp/src/r_ctsu/r_ctsu.o
 .ARM.attributes
                0x00000268       0x3a ./ra/fsp/src/bsp/mcu/all/bsp_clocks.o
 .ARM.attributes
                0x000002a2       0x3a ./ra/fsp/src/bsp/mcu/all/bsp_common.o
 .ARM.attributes
                0x000002dc       0x3a ./ra/fsp/src/bsp/mcu/all/bsp_delay.o
 .ARM.attributes
                0x00000316       0x3a ./ra/fsp/src/bsp/mcu/all/bsp_group_irq.o
 .ARM.attributes
                0x00000350       0x3a ./ra/fsp/src/bsp/mcu/all/bsp_io.o
 .ARM.attributes
                0x0000038a       0x3a ./ra/fsp/src/bsp/mcu/all/bsp_irq.o
 .ARM.attributes
                0x000003c4       0x3a ./ra/fsp/src/bsp/mcu/all/bsp_register_protection.o
 .ARM.attributes
                0x000003fe       0x3a ./ra/fsp/src/bsp/mcu/all/bsp_rom_registers.o
 .ARM.attributes
                0x00000438       0x3a ./ra/fsp/src/bsp/cmsis/Device/RENESAS/Source/startup.o
 .ARM.attributes
                0x00000472       0x3a ./ra/fsp/src/bsp/cmsis/Device/RENESAS/Source/system.o
 .ARM.attributes
                0x000004ac       0x3a ./qe_gen/qe_touch_config.o
 .ARM.attributes
                0x000004e6       0x3a ./qe_gen/qe_touch_sample.o
 .ARM.attributes
                0x00000520       0x38 C:/Renesas/RA/e2studio_v2025-01_fsp_v5.8.0/toolchains/gcc_arm/13.2.rel1/bin/../lib/gcc/arm-none-eabi/13.2.1/thumb/v8-m.main+fp/hard\libg_nano.a(libc_a-memset.o)
 .ARM.attributes
                0x00000558       0x38 C:/Renesas/RA/e2studio_v2025-01_fsp_v5.8.0/toolchains/gcc_arm/13.2.rel1/bin/../lib/gcc/arm-none-eabi/13.2.1/thumb/v8-m.main+fp/hard\libg_nano.a(libc_a-memcpy-stub.o)
 .ARM.attributes
                0x00000590       0x38 C:/Renesas/RA/e2studio_v2025-01_fsp_v5.8.0/toolchains/gcc_arm/13.2.rel1/bin/../lib/gcc/arm-none-eabi/13.2.1/thumb/v8-m.main+fp/hard/crtend.o
 .ARM.attributes
                0x000005c8       0x26 C:/Renesas/RA/e2studio_v2025-01_fsp_v5.8.0/toolchains/gcc_arm/13.2.rel1/bin/../lib/gcc/arm-none-eabi/13.2.1/thumb/v8-m.main+fp/hard/crtn.o

.comment        0x00000000       0x44
 .comment       0x00000000       0x44 ./src/hal_entry.o
                                 0x45 (size before relaxing)
 .comment       0x00000044       0x45 ./ra_gen/common_data.o
 .comment       0x00000044       0x45 ./ra_gen/main.o
 .comment       0x00000044       0x45 ./ra_gen/pin_data.o
 .comment       0x00000044       0x45 ./ra_gen/vector_data.o
 .comment       0x00000044       0x45 ./ra/fsp/src/rm_touch/rm_touch.o
 .comment       0x00000044       0x45 ./ra/fsp/src/r_ioport/r_ioport.o
 .comment       0x00000044       0x45 ./ra/fsp/src/r_dtc/r_dtc.o
 .comment       0x00000044       0x45 ./ra/fsp/src/r_ctsu/r_ctsu.o
 .comment       0x00000044       0x45 ./ra/fsp/src/bsp/mcu/all/bsp_clocks.o
 .comment       0x00000044       0x45 ./ra/fsp/src/bsp/mcu/all/bsp_common.o
 .comment       0x00000044       0x45 ./ra/fsp/src/bsp/mcu/all/bsp_delay.o
 .comment       0x00000044       0x45 ./ra/fsp/src/bsp/mcu/all/bsp_group_irq.o
 .comment       0x00000044       0x45 ./ra/fsp/src/bsp/mcu/all/bsp_io.o
 .comment       0x00000044       0x45 ./ra/fsp/src/bsp/mcu/all/bsp_irq.o
 .comment       0x00000044       0x45 ./ra/fsp/src/bsp/mcu/all/bsp_register_protection.o
 .comment       0x00000044       0x45 ./ra/fsp/src/bsp/mcu/all/bsp_rom_registers.o
 .comment       0x00000044       0x45 ./ra/fsp/src/bsp/cmsis/Device/RENESAS/Source/startup.o
 .comment       0x00000044       0x45 ./ra/fsp/src/bsp/cmsis/Device/RENESAS/Source/system.o
 .comment       0x00000044       0x45 ./qe_gen/qe_touch_config.o
 .comment       0x00000044       0x45 ./qe_gen/qe_touch_sample.o

.debug_info     0x00000000    0x29f1c
 .debug_info    0x00000000      0xff1 ./src/hal_entry.o
 .debug_info    0x00000ff1     0x1910 ./ra_gen/common_data.o
 .debug_info    0x00002901       0xb1 ./ra_gen/main.o
 .debug_info    0x000029b2      0xa28 ./ra_gen/pin_data.o
 .debug_info    0x000033da      0x65a ./ra_gen/vector_data.o
 .debug_info    0x00003a34     0x395b ./ra/fsp/src/rm_touch/rm_touch.o
 .debug_info    0x0000738f     0x40db ./ra/fsp/src/r_ioport/r_ioport.o
 .debug_info    0x0000b46a     0x2dc1 ./ra/fsp/src/r_dtc/r_dtc.o
 .debug_info    0x0000e22b     0x95f1 ./ra/fsp/src/r_ctsu/r_ctsu.o
 .debug_info    0x0001781c     0x4790 ./ra/fsp/src/bsp/mcu/all/bsp_clocks.o
 .debug_info    0x0001bfac      0x93b ./ra/fsp/src/bsp/mcu/all/bsp_common.o
 .debug_info    0x0001c8e7      0x1e2 ./ra/fsp/src/bsp/mcu/all/bsp_delay.o
 .debug_info    0x0001cac9     0x133d ./ra/fsp/src/bsp/mcu/all/bsp_group_irq.o
 .debug_info    0x0001de06       0xb2 ./ra/fsp/src/bsp/mcu/all/bsp_io.o
 .debug_info    0x0001deb8     0x2277 ./ra/fsp/src/bsp/mcu/all/bsp_irq.o
 .debug_info    0x0002012f     0x208a ./ra/fsp/src/bsp/mcu/all/bsp_register_protection.o
 .debug_info    0x000221b9      0x1da ./ra/fsp/src/bsp/mcu/all/bsp_rom_registers.o
 .debug_info    0x00022393      0x168 ./ra/fsp/src/bsp/cmsis/Device/RENESAS/Source/startup.o
 .debug_info    0x000224fb     0x102c ./ra/fsp/src/bsp/cmsis/Device/RENESAS/Source/system.o
 .debug_info    0x00023527     0x3544 ./qe_gen/qe_touch_config.o
 .debug_info    0x00026a6b     0x34b1 ./qe_gen/qe_touch_sample.o

.debug_abbrev   0x00000000     0x31b2
 .debug_abbrev  0x00000000      0x17f ./src/hal_entry.o
 .debug_abbrev  0x0000017f      0x21a ./ra_gen/common_data.o
 .debug_abbrev  0x00000399       0x61 ./ra_gen/main.o
 .debug_abbrev  0x000003fa       0xff ./ra_gen/pin_data.o
 .debug_abbrev  0x000004f9       0xbe ./ra_gen/vector_data.o
 .debug_abbrev  0x000005b7      0x409 ./ra/fsp/src/rm_touch/rm_touch.o
 .debug_abbrev  0x000009c0      0x48f ./ra/fsp/src/r_ioport/r_ioport.o
 .debug_abbrev  0x00000e4f      0x50c ./ra/fsp/src/r_dtc/r_dtc.o
 .debug_abbrev  0x0000135b      0x5fb ./ra/fsp/src/r_ctsu/r_ctsu.o
 .debug_abbrev  0x00001956      0x40e ./ra/fsp/src/bsp/mcu/all/bsp_clocks.o
 .debug_abbrev  0x00001d64      0x188 ./ra/fsp/src/bsp/mcu/all/bsp_common.o
 .debug_abbrev  0x00001eec      0x113 ./ra/fsp/src/bsp/mcu/all/bsp_delay.o
 .debug_abbrev  0x00001fff      0x256 ./ra/fsp/src/bsp/mcu/all/bsp_group_irq.o
 .debug_abbrev  0x00002255       0x5e ./ra/fsp/src/bsp/mcu/all/bsp_io.o
 .debug_abbrev  0x000022b3      0x3da ./ra/fsp/src/bsp/mcu/all/bsp_irq.o
 .debug_abbrev  0x0000268d      0x263 ./ra/fsp/src/bsp/mcu/all/bsp_register_protection.o
 .debug_abbrev  0x000028f0       0x4e ./ra/fsp/src/bsp/mcu/all/bsp_rom_registers.o
 .debug_abbrev  0x0000293e       0xf5 ./ra/fsp/src/bsp/cmsis/Device/RENESAS/Source/startup.o
 .debug_abbrev  0x00002a33      0x2e2 ./ra/fsp/src/bsp/cmsis/Device/RENESAS/Source/system.o
 .debug_abbrev  0x00002d15      0x237 ./qe_gen/qe_touch_config.o
 .debug_abbrev  0x00002f4c      0x266 ./qe_gen/qe_touch_sample.o

.debug_loclists
                0x00000000     0x40a5
 .debug_loclists
                0x00000000       0x29 ./src/hal_entry.o
 .debug_loclists
                0x00000029      0xb8e ./ra/fsp/src/rm_touch/rm_touch.o
 .debug_loclists
                0x00000bb7      0x7a2 ./ra/fsp/src/r_ioport/r_ioport.o
 .debug_loclists
                0x00001359      0x435 ./ra/fsp/src/r_dtc/r_dtc.o
 .debug_loclists
                0x0000178e     0x1faa ./ra/fsp/src/r_ctsu/r_ctsu.o
 .debug_loclists
                0x00003738      0x2fa ./ra/fsp/src/bsp/mcu/all/bsp_clocks.o
 .debug_loclists
                0x00003a32       0x20 ./ra/fsp/src/bsp/mcu/all/bsp_common.o
 .debug_loclists
                0x00003a52      0x11c ./ra/fsp/src/bsp/mcu/all/bsp_delay.o
 .debug_loclists
                0x00003b6e       0x73 ./ra/fsp/src/bsp/mcu/all/bsp_group_irq.o
 .debug_loclists
                0x00003be1      0x35f ./ra/fsp/src/bsp/mcu/all/bsp_irq.o
 .debug_loclists
                0x00003f40       0xa7 ./ra/fsp/src/bsp/mcu/all/bsp_register_protection.o
 .debug_loclists
                0x00003fe7       0x89 ./ra/fsp/src/bsp/cmsis/Device/RENESAS/Source/system.o
 .debug_loclists
                0x00004070       0x35 ./qe_gen/qe_touch_sample.o

.debug_aranges  0x00000000      0x4e8
 .debug_aranges
                0x00000000       0x28 ./src/hal_entry.o
 .debug_aranges
                0x00000028       0x20 ./ra_gen/common_data.o
 .debug_aranges
                0x00000048       0x20 ./ra_gen/main.o
 .debug_aranges
                0x00000068       0x18 ./ra_gen/pin_data.o
 .debug_aranges
                0x00000080       0x18 ./ra_gen/vector_data.o
 .debug_aranges
                0x00000098       0x70 ./ra/fsp/src/rm_touch/rm_touch.o
 .debug_aranges
                0x00000108       0x90 ./ra/fsp/src/r_ioport/r_ioport.o
 .debug_aranges
                0x00000198       0x70 ./ra/fsp/src/r_dtc/r_dtc.o
 .debug_aranges
                0x00000208       0xb0 ./ra/fsp/src/r_ctsu/r_ctsu.o
 .debug_aranges
                0x000002b8       0x70 ./ra/fsp/src/bsp/mcu/all/bsp_clocks.o
 .debug_aranges
                0x00000328       0x30 ./ra/fsp/src/bsp/mcu/all/bsp_common.o
 .debug_aranges
                0x00000358       0x28 ./ra/fsp/src/bsp/mcu/all/bsp_delay.o
 .debug_aranges
                0x00000380       0x28 ./ra/fsp/src/bsp/mcu/all/bsp_group_irq.o
 .debug_aranges
                0x000003a8       0x18 ./ra/fsp/src/bsp/mcu/all/bsp_io.o
 .debug_aranges
                0x000003c0       0x58 ./ra/fsp/src/bsp/mcu/all/bsp_irq.o
 .debug_aranges
                0x00000418       0x28 ./ra/fsp/src/bsp/mcu/all/bsp_register_protection.o
 .debug_aranges
                0x00000440       0x18 ./ra/fsp/src/bsp/mcu/all/bsp_rom_registers.o
 .debug_aranges
                0x00000458       0x28 ./ra/fsp/src/bsp/cmsis/Device/RENESAS/Source/startup.o
 .debug_aranges
                0x00000480       0x28 ./ra/fsp/src/bsp/cmsis/Device/RENESAS/Source/system.o
 .debug_aranges
                0x000004a8       0x20 ./qe_gen/qe_touch_config.o
 .debug_aranges
                0x000004c8       0x20 ./qe_gen/qe_touch_sample.o

.debug_rnglists
                0x00000000      0x79b
 .debug_rnglists
                0x00000000       0x19 ./src/hal_entry.o
 .debug_rnglists
                0x00000019       0x13 ./ra_gen/common_data.o
 .debug_rnglists
                0x0000002c       0x13 ./ra_gen/main.o
 .debug_rnglists
                0x0000003f       0xa6 ./ra/fsp/src/rm_touch/rm_touch.o
 .debug_rnglists
                0x000000e5       0xbb ./ra/fsp/src/r_ioport/r_ioport.o
 .debug_rnglists
                0x000001a0       0xfb ./ra/fsp/src/r_dtc/r_dtc.o
 .debug_rnglists
                0x0000029b      0x22d ./ra/fsp/src/r_ctsu/r_ctsu.o
 .debug_rnglists
                0x000004c8       0xde ./ra/fsp/src/bsp/mcu/all/bsp_clocks.o
 .debug_rnglists
                0x000005a6       0x1f ./ra/fsp/src/bsp/mcu/all/bsp_common.o
 .debug_rnglists
                0x000005c5       0x2e ./ra/fsp/src/bsp/mcu/all/bsp_delay.o
 .debug_rnglists
                0x000005f3       0x37 ./ra/fsp/src/bsp/mcu/all/bsp_group_irq.o
 .debug_rnglists
                0x0000062a       0xda ./ra/fsp/src/bsp/mcu/all/bsp_irq.o
 .debug_rnglists
                0x00000704       0x31 ./ra/fsp/src/bsp/mcu/all/bsp_register_protection.o
 .debug_rnglists
                0x00000735       0x19 ./ra/fsp/src/bsp/cmsis/Device/RENESAS/Source/startup.o
 .debug_rnglists
                0x0000074e       0x26 ./ra/fsp/src/bsp/cmsis/Device/RENESAS/Source/system.o
 .debug_rnglists
                0x00000774       0x13 ./qe_gen/qe_touch_config.o
 .debug_rnglists
                0x00000787       0x14 ./qe_gen/qe_touch_sample.o

.debug_line     0x00000000     0x8576
 .debug_line    0x00000000      0x333 ./src/hal_entry.o
 .debug_line    0x00000333      0x2ff ./ra_gen/common_data.o
 .debug_line    0x00000632       0x5e ./ra_gen/main.o
 .debug_line    0x00000690      0x22a ./ra_gen/pin_data.o
 .debug_line    0x000008ba      0x14a ./ra_gen/vector_data.o
 .debug_line    0x00000a04      0xeee ./ra/fsp/src/rm_touch/rm_touch.o
 .debug_line    0x000018f2      0xad5 ./ra/fsp/src/r_ioport/r_ioport.o
 .debug_line    0x000023c7      0x9ff ./ra/fsp/src/r_dtc/r_dtc.o
 .debug_line    0x00002dc6     0x2712 ./ra/fsp/src/r_ctsu/r_ctsu.o
 .debug_line    0x000054d8      0x950 ./ra/fsp/src/bsp/mcu/all/bsp_clocks.o
 .debug_line    0x00005e28      0x2b1 ./ra/fsp/src/bsp/mcu/all/bsp_common.o
 .debug_line    0x000060d9      0x2bb ./ra/fsp/src/bsp/mcu/all/bsp_delay.o
 .debug_line    0x00006394      0x324 ./ra/fsp/src/bsp/mcu/all/bsp_group_irq.o
 .debug_line    0x000066b8      0x186 ./ra/fsp/src/bsp/mcu/all/bsp_io.o
 .debug_line    0x0000683e      0x800 ./ra/fsp/src/bsp/mcu/all/bsp_irq.o
 .debug_line    0x0000703e      0x3da ./ra/fsp/src/bsp/mcu/all/bsp_register_protection.o
 .debug_line    0x00007418      0x137 ./ra/fsp/src/bsp/mcu/all/bsp_rom_registers.o
 .debug_line    0x0000754f      0x1f2 ./ra/fsp/src/bsp/cmsis/Device/RENESAS/Source/startup.o
 .debug_line    0x00007741      0x5fe ./ra/fsp/src/bsp/cmsis/Device/RENESAS/Source/system.o
 .debug_line    0x00007d3f      0x397 ./qe_gen/qe_touch_config.o
 .debug_line    0x000080d6      0x4a0 ./qe_gen/qe_touch_sample.o

.debug_str      0x00000000     0xc824
 .debug_str     0x00000000     0xc824 ./src/hal_entry.o
                               0x3190 (size before relaxing)
 .debug_str     0x0000c824     0x3ac4 ./ra_gen/common_data.o
 .debug_str     0x0000c824      0x1e9 ./ra_gen/main.o
 .debug_str     0x0000c824     0x1da2 ./ra_gen/pin_data.o
 .debug_str     0x0000c824     0x1546 ./ra_gen/vector_data.o
 .debug_str     0x0000c824     0x5336 ./ra/fsp/src/rm_touch/rm_touch.o
 .debug_str     0x0000c824     0x44b9 ./ra/fsp/src/r_ioport/r_ioport.o
 .debug_str     0x0000c824     0x2ee3 ./ra/fsp/src/r_dtc/r_dtc.o
 .debug_str     0x0000c824     0x8d1a ./ra/fsp/src/r_ctsu/r_ctsu.o
 .debug_str     0x0000c824     0x1db0 ./ra/fsp/src/bsp/mcu/all/bsp_clocks.o
 .debug_str     0x0000c824     0x1c36 ./ra/fsp/src/bsp/mcu/all/bsp_common.o
 .debug_str     0x0000c824      0x312 ./ra/fsp/src/bsp/mcu/all/bsp_delay.o
 .debug_str     0x0000c824     0x21a7 ./ra/fsp/src/bsp/mcu/all/bsp_group_irq.o
 .debug_str     0x0000c824      0x212 ./ra/fsp/src/bsp/mcu/all/bsp_io.o
 .debug_str     0x0000c824     0x20e3 ./ra/fsp/src/bsp/mcu/all/bsp_irq.o
 .debug_str     0x0000c824     0x1013 ./ra/fsp/src/bsp/mcu/all/bsp_register_protection.o
 .debug_str     0x0000c824      0x36e ./ra/fsp/src/bsp/mcu/all/bsp_rom_registers.o
 .debug_str     0x0000c824      0x27a ./ra/fsp/src/bsp/cmsis/Device/RENESAS/Source/startup.o
 .debug_str     0x0000c824      0x976 ./ra/fsp/src/bsp/cmsis/Device/RENESAS/Source/system.o
 .debug_str     0x0000c824     0x54a4 ./qe_gen/qe_touch_config.o
 .debug_str     0x0000c824     0x63c1 ./qe_gen/qe_touch_sample.o

.debug_frame    0x00000000      0xa64
 .debug_frame   0x00000000       0x30 ./src/hal_entry.o
 .debug_frame   0x00000030       0x20 ./ra_gen/common_data.o
 .debug_frame   0x00000050       0x28 ./ra_gen/main.o
 .debug_frame   0x00000078      0x12c ./ra/fsp/src/rm_touch/rm_touch.o
 .debug_frame   0x000001a4      0x178 ./ra/fsp/src/r_ioport/r_ioport.o
 .debug_frame   0x0000031c      0x100 ./ra/fsp/src/r_dtc/r_dtc.o
 .debug_frame   0x0000041c      0x264 ./ra/fsp/src/r_ctsu/r_ctsu.o
 .debug_frame   0x00000680      0x10c ./ra/fsp/src/bsp/mcu/all/bsp_clocks.o
 .debug_frame   0x0000078c       0x40 ./ra/fsp/src/bsp/mcu/all/bsp_common.o
 .debug_frame   0x000007cc       0x48 ./ra/fsp/src/bsp/mcu/all/bsp_delay.o
 .debug_frame   0x00000814       0x3c ./ra/fsp/src/bsp/mcu/all/bsp_group_irq.o
 .debug_frame   0x00000850       0xb8 ./ra/fsp/src/bsp/mcu/all/bsp_irq.o
 .debug_frame   0x00000908       0x48 ./ra/fsp/src/bsp/mcu/all/bsp_register_protection.o
 .debug_frame   0x00000950       0x38 ./ra/fsp/src/bsp/cmsis/Device/RENESAS/Source/startup.o
 .debug_frame   0x00000988       0x44 ./ra/fsp/src/bsp/cmsis/Device/RENESAS/Source/system.o
 .debug_frame   0x000009cc       0x20 ./qe_gen/qe_touch_config.o
 .debug_frame   0x000009ec       0x30 ./qe_gen/qe_touch_sample.o
 .debug_frame   0x00000a1c       0x20 C:/Renesas/RA/e2studio_v2025-01_fsp_v5.8.0/toolchains/gcc_arm/13.2.rel1/bin/../lib/gcc/arm-none-eabi/13.2.1/thumb/v8-m.main+fp/hard\libg_nano.a(libc_a-memset.o)
 .debug_frame   0x00000a3c       0x28 C:/Renesas/RA/e2studio_v2025-01_fsp_v5.8.0/toolchains/gcc_arm/13.2.rel1/bin/../lib/gcc/arm-none-eabi/13.2.1/thumb/v8-m.main+fp/hard\libg_nano.a(libc_a-memcpy-stub.o)
